Archive member included to satisfy reference by file (symbol)

C:/ST/STM32CubeIDE_1.19.0/STM32CubeIDE/plugins/com.st.stm32cube.ide.mcu.externaltools.gnu-tools-for-stm32.13.3.rel1.win32_1.0.0.202411081344/tools/bin/../lib/gcc/arm-none-eabi/13.3.1/../../../../arm-none-eabi/lib/thumb/v7e-m+fp/hard\libc_nano.a(libc_a-exit.o)
                              C:/ST/STM32CubeIDE_1.19.0/STM32CubeIDE/plugins/com.st.stm32cube.ide.mcu.externaltools.gnu-tools-for-stm32.13.3.rel1.win32_1.0.0.202411081344/tools/bin/../lib/gcc/arm-none-eabi/13.3.1/../../../../arm-none-eabi/lib/thumb/v7e-m+fp/hard/crt0.o (exit)
C:/ST/STM32CubeIDE_1.19.0/STM32CubeIDE/plugins/com.st.stm32cube.ide.mcu.externaltools.gnu-tools-for-stm32.13.3.rel1.win32_1.0.0.202411081344/tools/bin/../lib/gcc/arm-none-eabi/13.3.1/../../../../arm-none-eabi/lib/thumb/v7e-m+fp/hard\libc_nano.a(libc_a-malloc.o)
                              ./Core/Src/ili9341_driver.o (malloc)
C:/ST/STM32CubeIDE_1.19.0/STM32CubeIDE/plugins/com.st.stm32cube.ide.mcu.externaltools.gnu-tools-for-stm32.13.3.rel1.win32_1.0.0.202411081344/tools/bin/../lib/gcc/arm-none-eabi/13.3.1/../../../../arm-none-eabi/lib/thumb/v7e-m+fp/hard\libc_nano.a(libc_a-mallocr.o)
                              C:/ST/STM32CubeIDE_1.19.0/STM32CubeIDE/plugins/com.st.stm32cube.ide.mcu.externaltools.gnu-tools-for-stm32.13.3.rel1.win32_1.0.0.202411081344/tools/bin/../lib/gcc/arm-none-eabi/13.3.1/../../../../arm-none-eabi/lib/thumb/v7e-m+fp/hard\libc_nano.a(libc_a-malloc.o) (_malloc_r)
C:/ST/STM32CubeIDE_1.19.0/STM32CubeIDE/plugins/com.st.stm32cube.ide.mcu.externaltools.gnu-tools-for-stm32.13.3.rel1.win32_1.0.0.202411081344/tools/bin/../lib/gcc/arm-none-eabi/13.3.1/../../../../arm-none-eabi/lib/thumb/v7e-m+fp/hard\libc_nano.a(libc_a-mlock.o)
                              C:/ST/STM32CubeIDE_1.19.0/STM32CubeIDE/plugins/com.st.stm32cube.ide.mcu.externaltools.gnu-tools-for-stm32.13.3.rel1.win32_1.0.0.202411081344/tools/bin/../lib/gcc/arm-none-eabi/13.3.1/../../../../arm-none-eabi/lib/thumb/v7e-m+fp/hard\libc_nano.a(libc_a-mallocr.o) (__malloc_lock)
C:/ST/STM32CubeIDE_1.19.0/STM32CubeIDE/plugins/com.st.stm32cube.ide.mcu.externaltools.gnu-tools-for-stm32.13.3.rel1.win32_1.0.0.202411081344/tools/bin/../lib/gcc/arm-none-eabi/13.3.1/../../../../arm-none-eabi/lib/thumb/v7e-m+fp/hard\libc_nano.a(libc_a-findfp.o)
                              C:/ST/STM32CubeIDE_1.19.0/STM32CubeIDE/plugins/com.st.stm32cube.ide.mcu.externaltools.gnu-tools-for-stm32.13.3.rel1.win32_1.0.0.202411081344/tools/bin/../lib/gcc/arm-none-eabi/13.3.1/../../../../arm-none-eabi/lib/thumb/v7e-m+fp/hard\libc_nano.a(libc_a-exit.o) (__stdio_exit_handler)
C:/ST/STM32CubeIDE_1.19.0/STM32CubeIDE/plugins/com.st.stm32cube.ide.mcu.externaltools.gnu-tools-for-stm32.13.3.rel1.win32_1.0.0.202411081344/tools/bin/../lib/gcc/arm-none-eabi/13.3.1/../../../../arm-none-eabi/lib/thumb/v7e-m+fp/hard\libc_nano.a(libc_a-fwalk.o)
                              C:/ST/STM32CubeIDE_1.19.0/STM32CubeIDE/plugins/com.st.stm32cube.ide.mcu.externaltools.gnu-tools-for-stm32.13.3.rel1.win32_1.0.0.202411081344/tools/bin/../lib/gcc/arm-none-eabi/13.3.1/../../../../arm-none-eabi/lib/thumb/v7e-m+fp/hard\libc_nano.a(libc_a-findfp.o) (_fwalk_sglue)
C:/ST/STM32CubeIDE_1.19.0/STM32CubeIDE/plugins/com.st.stm32cube.ide.mcu.externaltools.gnu-tools-for-stm32.13.3.rel1.win32_1.0.0.202411081344/tools/bin/../lib/gcc/arm-none-eabi/13.3.1/../../../../arm-none-eabi/lib/thumb/v7e-m+fp/hard\libc_nano.a(libc_a-printf.o)
                              ./Core/Src/sd_spi_driver.o (printf)
C:/ST/STM32CubeIDE_1.19.0/STM32CubeIDE/plugins/com.st.stm32cube.ide.mcu.externaltools.gnu-tools-for-stm32.13.3.rel1.win32_1.0.0.202411081344/tools/bin/../lib/gcc/arm-none-eabi/13.3.1/../../../../arm-none-eabi/lib/thumb/v7e-m+fp/hard\libc_nano.a(libc_a-puts.o)
                              ./Core/Src/sd_spi_driver.o (puts)
C:/ST/STM32CubeIDE_1.19.0/STM32CubeIDE/plugins/com.st.stm32cube.ide.mcu.externaltools.gnu-tools-for-stm32.13.3.rel1.win32_1.0.0.202411081344/tools/bin/../lib/gcc/arm-none-eabi/13.3.1/../../../../arm-none-eabi/lib/thumb/v7e-m+fp/hard\libc_nano.a(libc_a-sprintf.o)
                              ./Core/Src/project.o (sprintf)
C:/ST/STM32CubeIDE_1.19.0/STM32CubeIDE/plugins/com.st.stm32cube.ide.mcu.externaltools.gnu-tools-for-stm32.13.3.rel1.win32_1.0.0.202411081344/tools/bin/../lib/gcc/arm-none-eabi/13.3.1/../../../../arm-none-eabi/lib/thumb/v7e-m+fp/hard\libc_nano.a(libc_a-stdio.o)
                              C:/ST/STM32CubeIDE_1.19.0/STM32CubeIDE/plugins/com.st.stm32cube.ide.mcu.externaltools.gnu-tools-for-stm32.13.3.rel1.win32_1.0.0.202411081344/tools/bin/../lib/gcc/arm-none-eabi/13.3.1/../../../../arm-none-eabi/lib/thumb/v7e-m+fp/hard\libc_nano.a(libc_a-findfp.o) (__sread)
[...]
Memory Configuration

Name             Origin             Length             Attributes
RAM              0x20000000         0x00020000         xrw
FLASH            0x08000000         0x00080000         xr
*default*        0x00000000         0xffffffff

Linker script and memory map

LOAD C:/ST/STM32CubeIDE_1.19.0/STM32CubeIDE/plugins/com.st.stm32cube.ide.mcu.externaltools.gnu-tools-for-stm32.13.3.rel1.win32_1.0.0.202411081344/tools/bin/../lib/gcc/arm-none-eabi/13.3.1/thumb/v7e-m+fp/hard/crti.o
LOAD C:/ST/STM32CubeIDE_1.19.0/STM32CubeIDE/plugins/com.st.stm32cube.ide.mcu.externaltools.gnu-tools-for-stm32.13.3.rel1.win32_1.0.0.202411081344/tools/bin/../lib/gcc/arm-none-eabi/13.3.1/thumb/v7e-m+fp/hard/crtbegin.o
LOAD C:/ST/STM32CubeIDE_1.19.0/STM32CubeIDE/plugins/com.st.stm32cube.ide.mcu.externaltools.gnu-tools-for-stm32.13.3.rel1.win32_1.0.0.202411081344/tools/bin/../lib/gcc/arm-none-eabi/13.3.1/../../../../arm-none-eabi/lib/thumb/v7e-m+fp/hard/crt0.o
LOAD ./Core/Src/gpio.o
LOAD ./Core/Src/ili9341_driver.o
LOAD ./Core/Src/lcd_driver.o
LOAD ./Core/Src/main.o
LOAD ./Core/Src/num_keyboard_driver.o
LOAD ./Core/Src/project.o
LOAD ./Core/Src/sd_spi_driver.o
LOAD ./Core/Src/spi.o
LOAD ./Core/Src/stm32f4xx_hal_msp.o
LOAD ./Core/Src/stm32f4xx_it.o
LOAD ./Core/Src/syscalls.o
LOAD ./Core/Src/sysmem.o
LOAD ./Core/Src/system_stm32f4xx.o
LOAD ./Core/Src/usart.o
LOAD ./Core/Startup/startup_stm32f446retx.o
LOAD ./Drivers/STM32F4xx_HAL_Driver/Src/stm32f4xx_hal.o
LOAD ./Drivers/STM32F4xx_HAL_Driver/Src/stm32f4xx_hal_cortex.o
LOAD ./Drivers/STM32F4xx_HAL_Driver/Src/stm32f4xx_hal_dma.o
LOAD ./Drivers/STM32F4xx_HAL_Driver/Src/stm32f4xx_hal_dma_ex.o
LOAD ./Drivers/STM32F4xx_HAL_Driver/Src/stm32f4xx_hal_exti.o
LOAD ./Drivers/STM32F4xx_HAL_Driver/Src/stm32f4xx_hal_flash.o
LOAD ./Drivers/STM32F4xx_HAL_Driver/Src/stm32f4xx_hal_flash_ex.o
LOAD ./Drivers/STM32F4xx_HAL_Driver/Src/stm32f4xx_hal_flash_ramfunc.o
LOAD ./Drivers/STM32F4xx_HAL_Driver/Src/stm32f4xx_hal_gpio.o
LOAD ./Drivers/STM32F4xx_HAL_Driver/Src/stm32f4xx_hal_pwr.o
LOAD ./Drivers/STM32F4xx_HAL_Driver/Src/stm32f4xx_hal_pwr_ex.o
LOAD ./Drivers/STM32F4xx_HAL_Driver/Src/stm32f4xx_hal_rcc.o
LOAD ./Drivers/STM32F4xx_HAL_Driver/Src/stm32f4xx_hal_rcc_ex.o
LOAD ./Drivers/STM32F4xx_HAL_Driver/Src/stm32f4xx_hal_spi.o
LOAD ./Drivers/STM32F4xx_HAL_Driver/Src/stm32f4xx_hal_uart.o
START GROUP
LOAD C:/ST/STM32CubeIDE_1.19.0/STM32CubeIDE/plugins/com.st.stm32cube.ide.mcu.externaltools.gnu-tools-for-stm32.13.3.rel1.win32_1.0.0.202411081344/tools/bin/../lib/gcc/arm-none-eabi/13.3.1/../../../../arm-none-eabi/lib/thumb/v7e-m+fp/hard\libc_nano.a
LOAD C:/ST/STM32CubeIDE_1.19.0/STM32CubeIDE/plugins/com.st.stm32cube.ide.mcu.externaltools.gnu-tools-for-stm32.13.3.rel1.win32_1.0.0.202411081344/tools/bin/../lib/gcc/arm-none-eabi/13.3.1/../../../../arm-none-eabi/lib/thumb/v7e-m+fp/hard\libm.a
END GROUP
START GROUP
LOAD C:/ST/STM32CubeIDE_1.19.0/STM32CubeIDE/plugins/com.st.stm32cube.ide.mcu.externaltools.gnu-tools-for-stm32.13.3.rel1.win32_1.0.0.202411081344/tools/bin/../lib/gcc/arm-none-eabi/13.3.1/thumb/v7e-m+fp/hard\libgcc.a
LOAD C:/ST/STM32CubeIDE_1.19.0/STM32CubeIDE/plugins/com.st.stm32cube.ide.mcu.externaltools.gnu-tools-for-stm32.13.3.rel1.win32_1.0.0.202411081344/tools/bin/../lib/gcc/arm-none-eabi/13.3.1/../../../../arm-none-eabi/lib/thumb/v7e-m+fp/hard\libc_nano.a
END GROUP
START GROUP
LOAD C:/ST/STM32CubeIDE_1.19.0/STM32CubeIDE/plugins/com.st.stm32cube.ide.mcu.externaltools.gnu-tools-for-stm32.13.3.rel1.win32_1.0.0.202411081344/tools/bin/../lib/gcc/arm-none-eabi/13.3.1/thumb/v7e-m+fp/hard\libgcc.a
LOAD C:/ST/STM32CubeIDE_1.19.0/STM32CubeIDE/plugins/com.st.stm32cube.ide.mcu.externaltools.gnu-tools-for-stm32.13.3.rel1.win32_1.0.0.202411081344/tools/bin/../lib/gcc/arm-none-eabi/13.3.1/../../../../arm-none-eabi/lib/thumb/v7e-m+fp/hard\libc_nano.a
LOAD C:/ST/STM32CubeIDE_1.19.0/STM32CubeIDE/plugins/com.st.stm32cube.ide.mcu.externaltools.gnu-tools-for-stm32.13.3.rel1.win32_1.0.0.202411081344/tools/bin/../lib/gcc/arm-none-eabi/13.3.1/../../../../arm-none-eabi/lib/thumb/v7e-m+fp/hard\libnosys.a
END GROUP
START GROUP
LOAD C:/ST/STM32CubeIDE_1.19.0/STM32CubeIDE/plugins/com.st.stm32cube.ide.mcu.externaltools.gnu-tools-for-stm32.13.3.rel1.win32_1.0.0.202411081344/tools/bin/../lib/gcc/arm-none-eabi/13.3.1/thumb/v7e-m+fp/hard\libgcc.a
LOAD C:/ST/STM32CubeIDE_1.19.0/STM32CubeIDE/plugins/com.st.stm32cube.ide.mcu.externaltools.gnu-tools-for-stm32.13.3.rel1.win32_1.0.0.202411081344/tools/bin/../lib/gcc/arm-none-eabi/13.3.1/../../../../arm-none-eabi/lib/thumb/v7e-m+fp/hard\libc_nano.a
LOAD C:/ST/STM32CubeIDE_1.19.0/STM32CubeIDE/plugins/com.st.stm32cube.ide.mcu.externaltools.gnu-tools-for-stm32.13.3.rel1.win32_1.0.0.202411081344/tools/bin/../lib/gcc/arm-none-eabi/13.3.1/../../../../arm-none-eabi/lib/thumb/v7e-m+fp/hard\libnosys.a
END GROUP
LOAD C:/ST/STM32CubeIDE_1.19.0/STM32CubeIDE/plugins/com.st.stm32cube.ide.mcu.externaltools.gnu-tools-for-stm32.13.3.rel1.win32_1.0.0.202411081344/tools/bin/../lib/gcc/arm-none-eabi/13.3.1/thumb/v7e-m+fp/hard/crtend.o
LOAD C:/ST/STM32CubeIDE_1.19.0/STM32CubeIDE/plugins/com.st.stm32cube.ide.mcu.externaltools.gnu-tools-for-stm32.13.3.rel1.win32_1.0.0.202411081344/tools/bin/../lib/gcc/arm-none-eabi/13.3.1/thumb/v7e-m+fp/hard/crtn.o
                0x20020000                        _estack = (ORIGIN (RAM) + LENGTH (RAM))
                0x00000200                        _Min_Heap_Size = 0x200
                0x00000400                        _Min_Stack_Size = 0x400

.isr_vector     0x08000000      0x1c4
                0x08000000                        . = ALIGN (0x4)
 *(.isr_vector)
 .isr_vector    0x08000000      0x1c4 ./Core/Startup/startup_stm32f446retx.o
                0x08000000                g_pfnVectors
                0x080001c4                        . = ALIGN (0x4)

.text           0x080001c4     0x3cf8
                0x080001c4                        . = ALIGN (0x4)
 *(.text)
 .text          0x080001c4       0x40 C:/ST/STM32CubeIDE_1.19.0/STM32CubeIDE/plugins/com.st.stm32cube.ide.mcu.externaltools.gnu-tools-for-stm32.13.3.rel1.win32_1.0.0.202411081344/tools/bin/../lib/gcc/arm-none-eabi/13.3.1/thumb/v7e-m+fp/hard/crtbegin.o
 .text          0x08000204       0x30 C:/ST/STM32CubeIDE_1.19.0/STM32CubeIDE/plugins/com.st.stm32cube.ide.mcu.externaltools.gnu-tools-for-stm32.13.3.rel1.win32_1.0.0.202411081344/tools/bin/../lib/gcc/arm-none-eabi/13.3.1/thumb/v7e-m+fp/hard\libgcc.a(_aeabi_uldivmod.o)
                0x08000204                __aeabi_uldivmod
 .text          0x08000234      0x2f8 C:/ST/STM32CubeIDE_1.19.0/STM32CubeIDE/plugins/com.st.stm32cube.ide.mcu.externaltools.gnu-tools-for-stm32.13.3.rel1.win32_1.0.0.202411081344/tools/bin/../lib/gcc/arm-none-eabi/13.3.1/thumb/v7e-m+fp/hard\libgcc.a(_udivmoddi4.o)
                0x08000234                __udivmoddi4
 .text          0x0800052c        0x4 C:/ST/STM32CubeIDE_1.19.0/STM32CubeIDE/plugins/com.st.stm32cube.ide.mcu.externaltools.gnu-tools-for-stm32.13.3.rel1.win32_1.0.0.202411081344/tools/bin/../lib/gcc/arm-none-eabi/13.3.1/thumb/v7e-m+fp/hard\libgcc.a(_dvmd_tls.o)
                0x0800052c                __aeabi_idiv0
                0x0800052c                __aeabi_ldiv0
 *(.text*)
 .text.MX_GPIO_Init
                0x08000530      0x188 ./Core/Src/gpio.o
                0x08000530                MX_GPIO_Init
 .text.ili9341_delay
                0x080006b8       0x3e ./Core/Src/ili9341_driver.o
 .text.ili9341_send
                0x080006f6       0x76 ./Core/Src/ili9341_driver.o
                0x080006f6                ili9341_send
 .text.ili9341_reset
                0x0800076c       0x3a ./Core/Src/ili9341_driver.o
                0x0800076c                ili9341_reset
 *fill*         0x080007a6        0x2 
 .text.ili9341_init
                0x080007a8      0x3a8 ./Core/Src/ili9341_driver.o
                0x080007a8                ili9341_init
 .text.ili9341_set_xy
                0x08000b50       0x78 ./Core/Src/ili9341_driver.o
                0x08000b50                ili9341_set_xy
 .text.ili9341_draw_pixel
                0x08000bc8       0x34 ./Core/Src/ili9341_driver.o
                0x08000bc8                ili9341_draw_pixel
 .text.ili9341_draw_pixel_at
                0x08000bfc       0x2a ./Core/Src/ili9341_driver.o
                0x08000bfc                ili9341_draw_pixel_at
 .text.ili9341_clear
                0x08000c26       0x1c ./Core/Src/ili9341_driver.o
                0x08000c26                ili9341_clear
 .text.ili9341_fill_screen
                0x08000c42      0x126 ./Core/Src/ili9341_driver.o
                0x08000c42                ili9341_fill_screen
 .text.ili9341_putchar
                0x08000d68       0xfc ./Core/Src/ili9341_driver.o
                0x08000d68                ili9341_putchar
 .text.ili9341_putstring
                0x08000e64       0x68 ./Core/Src/ili9341_driver.o
                0x08000e64                ili9341_putstring
 .text.ili9341_putnumber
                0x08000ecc       0x70 ./Core/Src/ili9341_driver.o
                0x08000ecc                ili9341_putnumber
 .text.int2asc  0x08000f3c      0x164 ./Core/Src/lcd_driver.o
                0x08000f3c                int2asc
 .text.main     0x080010a0       0x3e ./Core/Src/main.o
                0x080010a0                main
 *fill*         0x080010de        0x2 
 .text.SystemClock_Config
                0x080010e0       0xdc ./Core/Src/main.o
                0x080010e0                SystemClock_Config
 .text.Error_Handler
                0x080011bc        0xc ./Core/Src/main.o
                0x080011bc                Error_Handler
 .text.NKB_CheckRow
                0x080011c8       0xb4 ./Core/Src/num_keyboard_driver.o
                0x080011c8                NKB_CheckRow
 .text.NKB_CheckCol
                0x0800127c       0x8a ./Core/Src/num_keyboard_driver.o
                0x0800127c                NKB_CheckCol
 *fill*         0x08001306        0x2 
 .text.NKB_SetRow
                0x08001308       0x84 ./Core/Src/num_keyboard_driver.o
                0x08001308                NKB_SetRow
 .text.NKB_SetCol
                0x0800138c       0x66 ./Core/Src/num_keyboard_driver.o
                0x0800138c                NKB_SetCol
 .text.NKB_GetKeyFromRowAndCol
                0x080013f2       0x5c ./Core/Src/num_keyboard_driver.o
                0x080013f2                NKB_GetKeyFromRowAndCol
 .text.NKB_InitRowPin
                0x0800144e       0x52 ./Core/Src/num_keyboard_driver.o
                0x0800144e                NKB_InitRowPin
 .text.NKB_InitColPin
                0x080014a0       0x52 ./Core/Src/num_keyboard_driver.o
                0x080014a0                NKB_InitColPin
 .text.NKB_Init
                0x080014f2       0xc6 ./Core/Src/num_keyboard_driver.o
                0x080014f2                NKB_Init
 .text.NKB_Update
                0x080015b8      0x286 ./Core/Src/num_keyboard_driver.o
                0x080015b8                NKB_Update
 .text.NKB_TryConsumeOnKeyPressed
                0x0800183e       0x5e ./Core/Src/num_keyboard_driver.o
                0x0800183e                NKB_TryConsumeOnKeyPressed
 .text.Init     0x0800189c      0x158 ./Core/Src/project.o
                0x0800189c                Init
 .text.PrintAtSeek
                0x080019f4       0xb0 ./Core/Src/project.o
                0x080019f4                PrintAtSeek
 .text.Loop     0x08001aa4       0xa4 ./Core/Src/project.o
                0x08001aa4                Loop
 .text.MX_SPI1_Init
                0x08001b48       0x6c ./Core/Src/spi.o
                0x08001b48                MX_SPI1_Init
 .text.HAL_SPI_MspInit
                0x08001bb4       0xb0 ./Core/Src/spi.o
                0x08001bb4                HAL_SPI_MspInit
 .text.HAL_MspInit
                0x08001c64       0x50 ./Core/Src/stm32f4xx_hal_msp.o
                0x08001c64                HAL_MspInit
 .text.NMI_Handler
                0x08001cb4        0x8 ./Core/Src/stm32f4xx_it.o
                0x08001cb4                NMI_Handler
 .text.HardFault_Handler
                0x08001cbc        0x8 ./Core/Src/stm32f4xx_it.o
                0x08001cbc                HardFault_Handler
 .text.MemManage_Handler
                0x08001cc4        0x8 ./Core/Src/stm32f4xx_it.o
                0x08001cc4                MemManage_Handler
 .text.BusFault_Handler
                0x08001ccc        0x8 ./Core/Src/stm32f4xx_it.o
                0x08001ccc                BusFault_Handler
 .text.UsageFault_Handler
                0x08001cd4        0x8 ./Core/Src/stm32f4xx_it.o
                0x08001cd4                UsageFault_Handler
 .text.SVC_Handler
                0x08001cdc        0xe ./Core/Src/stm32f4xx_it.o
                0x08001cdc                SVC_Handler
 .text.DebugMon_Handler
                0x08001cea        0xe ./Core/Src/stm32f4xx_it.o
                0x08001cea                DebugMon_Handler
 .text.PendSV_Handler
                0x08001cf8        0xe ./Core/Src/stm32f4xx_it.o
                0x08001cf8                PendSV_Handler
 .text.SysTick_Handler
                0x08001d06        0xc ./Core/Src/stm32f4xx_it.o
                0x08001d06                SysTick_Handler
 *fill*         0x08001d12        0x2 
 .text._sbrk    0x08001d14       0x6c ./Core/Src/sysmem.o
                0x08001d14                _sbrk
 .text.SystemInit
                0x08001d80       0x24 ./Core/Src/system_stm32f4xx.o
                0x08001d80                SystemInit
 .text.MX_USART2_UART_Init
                0x08001da4       0x54 ./Core/Src/usart.o
                0x08001da4                MX_USART2_UART_Init
 .text.HAL_UART_MspInit
                0x08001df8       0x90 ./Core/Src/usart.o
                0x08001df8                HAL_UART_MspInit
 .text.Reset_Handler
                0x08001e88       0x50 ./Core/Startup/startup_stm32f446retx.o
                0x08001e88                Reset_Handler
 .text.Default_Handler
                0x08001ed8        0x2 ./Core/Startup/startup_stm32f446retx.o
                0x08001ed8                RTC_Alarm_IRQHandler
                0x08001ed8                EXTI2_IRQHandler
                0x08001ed8                TIM8_CC_IRQHandler
                0x08001ed8                FMPI2C1_EV_IRQHandler
                0x08001ed8                SPI4_IRQHandler
                0x08001ed8                TIM1_CC_IRQHandler
                0x08001ed8                DMA2_Stream5_IRQHandler
                0x08001ed8                DMA1_Stream5_IRQHandler
                0x08001ed8                PVD_IRQHandler
                0x08001ed8                SDIO_IRQHandler
                0x08001ed8                TAMP_STAMP_IRQHandler
                0x08001ed8                CAN2_RX1_IRQHandler
                0x08001ed8                EXTI3_IRQHandler
                0x08001ed8                TIM8_TRG_COM_TIM14_IRQHandler
                0x08001ed8                TIM1_UP_TIM10_IRQHandler
                0x08001ed8                TIM8_UP_TIM13_IRQHandler
                0x08001ed8                I2C3_ER_IRQHandler
                0x08001ed8                EXTI0_IRQHandler
                0x08001ed8                I2C2_EV_IRQHandler
                0x08001ed8                DMA1_Stream2_IRQHandler
                0x08001ed8                CAN1_RX0_IRQHandler
                0x08001ed8                FPU_IRQHandler
                0x08001ed8                OTG_HS_WKUP_IRQHandler
                0x08001ed8                CAN2_SCE_IRQHandler
                0x08001ed8                DMA2_Stream2_IRQHandler
                0x08001ed8                SPI1_IRQHandler
                0x08001ed8                TIM6_DAC_IRQHandler
                0x08001ed8                TIM1_BRK_TIM9_IRQHandler
                0x08001ed8                DCMI_IRQHandler
                0x08001ed8                CAN2_RX0_IRQHandler
                0x08001ed8                DMA2_Stream3_IRQHandler
                0x08001ed8                SAI2_IRQHandler
                0x08001ed8                USART6_IRQHandler
                0x08001ed8                USART3_IRQHandler
                0x08001ed8                CAN1_RX1_IRQHandler
                0x08001ed8                UART5_IRQHandler
                0x08001ed8                DMA2_Stream0_IRQHandler
                0x08001ed8                TIM4_IRQHandler
                0x08001ed8                QUADSPI_IRQHandler
                0x08001ed8                I2C1_EV_IRQHandler
                0x08001ed8                DMA1_Stream6_IRQHandler
                0x08001ed8                DMA1_Stream1_IRQHandler
                0x08001ed8                UART4_IRQHandler
                0x08001ed8                TIM3_IRQHandler
                0x08001ed8                RCC_IRQHandler
                0x08001ed8                TIM8_BRK_TIM12_IRQHandler
                0x08001ed8                Default_Handler
                0x08001ed8                CEC_IRQHandler
                0x08001ed8                EXTI15_10_IRQHandler
                0x08001ed8                ADC_IRQHandler
                0x08001ed8                DMA1_Stream7_IRQHandler
                0x08001ed8                TIM7_IRQHandler
                0x08001ed8                CAN2_TX_IRQHandler
                0x08001ed8                TIM5_IRQHandler
                0x08001ed8                DMA2_Stream7_IRQHandler
                0x08001ed8                I2C3_EV_IRQHandler
                0x08001ed8                EXTI9_5_IRQHandler
                0x08001ed8                RTC_WKUP_IRQHandler
                0x08001ed8                SPDIF_RX_IRQHandler
                0x08001ed8                SPI2_IRQHandler
                0x08001ed8                OTG_HS_EP1_IN_IRQHandler
                0x08001ed8                DMA1_Stream0_IRQHandler
                0x08001ed8                CAN1_TX_IRQHandler
                0x08001ed8                FMPI2C1_ER_IRQHandler
                0x08001ed8                EXTI4_IRQHandler
                0x08001ed8                OTG_HS_EP1_OUT_IRQHandler
                0x08001ed8                WWDG_IRQHandler
                0x08001ed8                TIM2_IRQHandler
                0x08001ed8                OTG_FS_WKUP_IRQHandler
                0x08001ed8                TIM1_TRG_COM_TIM11_IRQHandler
                0x08001ed8                OTG_HS_IRQHandler
                0x08001ed8                EXTI1_IRQHandler
                0x08001ed8                USART2_IRQHandler
                0x08001ed8                I2C2_ER_IRQHandler
                0x08001ed8                DMA2_Stream1_IRQHandler
                0x08001ed8                CAN1_SCE_IRQHandler
                0x08001ed8                FLASH_IRQHandler
                0x08001ed8                DMA2_Stream4_IRQHandler
                0x08001ed8                USART1_IRQHandler
                0x08001ed8                OTG_FS_IRQHandler
                0x08001ed8                SPI3_IRQHandler
                0x08001ed8                DMA1_Stream4_IRQHandler
                0x08001ed8                I2C1_ER_IRQHandler
                0x08001ed8                FMC_IRQHandler
                0x08001ed8                DMA2_Stream6_IRQHandler
                0x08001ed8                SAI1_IRQHandler
                0x08001ed8                DMA1_Stream3_IRQHandler
 *fill*         0x08001eda        0x2 
 .text.HAL_Init
                0x08001edc       0x44 ./Drivers/STM32F4xx_HAL_Driver/Src/stm32f4xx_hal.o
                0x08001edc                HAL_Init
 .text.HAL_InitTick
                0x08001f20       0x60 ./Drivers/STM32F4xx_HAL_Driver/Src/stm32f4xx_hal.o
                0x08001f20                HAL_InitTick
 .text.HAL_IncTick
                0x08001f80       0x28 ./Drivers/STM32F4xx_HAL_Driver/Src/stm32f4xx_hal.o
                0x08001f80                HAL_IncTick
 .text.HAL_GetTick
                0x08001fa8       0x18 ./Drivers/STM32F4xx_HAL_Driver/Src/stm32f4xx_hal.o
                0x08001fa8                HAL_GetTick
 .text.HAL_Delay
                0x08001fc0       0x48 ./Drivers/STM32F4xx_HAL_Driver/Src/stm32f4xx_hal.o
                0x08001fc0                HAL_Delay
 .text.__NVIC_SetPriorityGrouping
                0x08002008       0x48 ./Drivers/STM32F4xx_HAL_Driver/Src/stm32f4xx_hal_cortex.o
 .text.__NVIC_GetPriorityGrouping
                0x08002050       0x1c ./Drivers/STM32F4xx_HAL_Driver/Src/stm32f4xx_hal_cortex.o
 .text.__NVIC_SetPriority
                0x0800206c       0x54 ./Drivers/STM32F4xx_HAL_Driver/Src/stm32f4xx_hal_cortex.o
 .text.NVIC_EncodePriority
                0x080020c0       0x66 ./Drivers/STM32F4xx_HAL_Driver/Src/stm32f4xx_hal_cortex.o
 *fill*         0x08002126        0x2 
 .text.SysTick_Config
                0x08002128       0x44 ./Drivers/STM32F4xx_HAL_Driver/Src/stm32f4xx_hal_cortex.o
 .text.HAL_NVIC_SetPriorityGrouping
                0x0800216c       0x16 ./Drivers/STM32F4xx_HAL_Driver/Src/stm32f4xx_hal_cortex.o
                0x0800216c                HAL_NVIC_SetPriorityGrouping
 .text.HAL_NVIC_SetPriority
                0x08002182       0x38 ./Drivers/STM32F4xx_HAL_Driver/Src/stm32f4xx_hal_cortex.o
                0x08002182                HAL_NVIC_SetPriority
 .text.HAL_SYSTICK_Config
                0x080021ba       0x18 ./Drivers/STM32F4xx_HAL_Driver/Src/stm32f4xx_hal_cortex.o
                0x080021ba                HAL_SYSTICK_Config
 *fill*         0x080021d2        0x2 
 .text.HAL_GPIO_Init
                0x080021d4      0x328 ./Drivers/STM32F4xx_HAL_Driver/Src/stm32f4xx_hal_gpio.o
                0x080021d4                HAL_GPIO_Init
 .text.HAL_GPIO_ReadPin
                0x080024fc       0x30 ./Drivers/STM32F4xx_HAL_Driver/Src/stm32f4xx_hal_gpio.o
                0x080024fc                HAL_GPIO_ReadPin
 .text.HAL_GPIO_WritePin
                0x0800252c       0x32 ./Drivers/STM32F4xx_HAL_Driver/Src/stm32f4xx_hal_gpio.o
                0x0800252c                HAL_GPIO_WritePin
 *fill*         0x0800255e        0x2 
 .text.HAL_RCC_ClockConfig
                0x08002560      0x1cc ./Drivers/STM32F4xx_HAL_Driver/Src/stm32f4xx_hal_rcc.o
                0x08002560                HAL_RCC_ClockConfig
 .text.HAL_RCC_GetHCLKFreq
                0x0800272c       0x18 ./Drivers/STM32F4xx_HAL_Driver/Src/stm32f4xx_hal_rcc.o
                0x0800272c                HAL_RCC_GetHCLKFreq
 .text.HAL_RCC_GetPCLK1Freq
                0x08002744       0x28 ./Drivers/STM32F4xx_HAL_Driver/Src/stm32f4xx_hal_rcc.o
                0x08002744                HAL_RCC_GetPCLK1Freq
 .text.HAL_RCC_GetPCLK2Freq
                0x0800276c       0x28 ./Drivers/STM32F4xx_HAL_Driver/Src/stm32f4xx_hal_rcc.o
                0x0800276c                HAL_RCC_GetPCLK2Freq
 .text.HAL_RCC_GetSysClockFreq
                0x08002794      0x460 ./Drivers/STM32F4xx_HAL_Driver/Src/stm32f4xx_hal_rcc_ex.o
                0x08002794                HAL_RCC_GetSysClockFreq
 .text.HAL_RCC_OscConfig
                0x08002bf4      0x53c ./Drivers/STM32F4xx_HAL_Driver/Src/stm32f4xx_hal_rcc_ex.o
                0x08002bf4                HAL_RCC_OscConfig
 .text.HAL_SPI_Init
                0x08003130      0x112 ./Drivers/STM32F4xx_HAL_Driver/Src/stm32f4xx_hal_spi.o
                0x08003130                HAL_SPI_Init
 .text.HAL_SPI_Transmit
                0x08003242      0x288 ./Drivers/STM32F4xx_HAL_Driver/Src/stm32f4xx_hal_spi.o
                0x08003242                HAL_SPI_Transmit
 *fill*         0x080034ca        0x2 
 .text.SPI_WaitFlagStateUntilTimeout
                0x080034cc      0x110 ./Drivers/STM32F4xx_HAL_Driver/Src/stm32f4xx_hal_spi.o
 .text.SPI_EndRxTxTransaction
                0x080035dc       0xa8 ./Drivers/STM32F4xx_HAL_Driver/Src/stm32f4xx_hal_spi.o
 .text.HAL_UART_Init
                0x08003684       0xa0 ./Drivers/STM32F4xx_HAL_Driver/Src/stm32f4xx_hal_uart.o
                0x08003684                HAL_UART_Init
 .text.UART_SetConfig
                0x08003724      0x4e8 ./Drivers/STM32F4xx_HAL_Driver/Src/stm32f4xx_hal_uart.o
 .text.malloc   0x08003c0c       0x10 C:/ST/STM32CubeIDE_1.19.0/STM32CubeIDE/plugins/com.st.stm32cube.ide.mcu.externaltools.gnu-tools-for-stm32.13.3.rel1.win32_1.0.0.202411081344/tools/bin/../lib/gcc/arm-none-eabi/13.3.1/../../../../arm-none-eabi/lib/thumb/v7e-m+fp/hard\libc_nano.a(libc_a-malloc.o)
                0x08003c0c                malloc
 .text.free     0x08003c1c       0x10 C:/ST/STM32CubeIDE_1.19.0/STM32CubeIDE/plugins/com.st.stm32cube.ide.mcu.externaltools.gnu-tools-for-stm32.13.3.rel1.win32_1.0.0.202411081344/tools/bin/../lib/gcc/arm-none-eabi/13.3.1/../../../../arm-none-eabi/lib/thumb/v7e-m+fp/hard\libc_nano.a(libc_a-malloc.o)
                0x08003c1c                free
 .text.sbrk_aligned
                0x08003c2c       0x44 C:/ST/STM32CubeIDE_1.19.0/STM32CubeIDE/plugins/com.st.stm32cube.ide.mcu.externaltools.gnu-tools-for-stm32.13.3.rel1.win32_1.0.0.202411081344/tools/bin/../lib/gcc/arm-none-eabi/13.3.1/../../../../arm-none-eabi/lib/thumb/v7e-m+fp/hard\libc_nano.a(libc_a-mallocr.o)
 .text._malloc_r
                0x08003c70      0x100 C:/ST/STM32CubeIDE_1.19.0/STM32CubeIDE/plugins/com.st.stm32cube.ide.mcu.externaltools.gnu-tools-for-stm32.13.3.rel1.win32_1.0.0.202411081344/tools/bin/../lib/gcc/arm-none-eabi/13.3.1/../../../../arm-none-eabi/lib/thumb/v7e-m+fp/hard\libc_nano.a(libc_a-mallocr.o)
                0x08003c70                _malloc_r
 .text.__malloc_lock
                0x08003d70        0xc C:/ST/STM32CubeIDE_1.19.0/STM32CubeIDE/plugins/com.st.stm32cube.ide.mcu.externaltools.gnu-tools-for-stm32.13.3.rel1.win32_1.0.0.202411081344/tools/bin/../lib/gcc/arm-none-eabi/13.3.1/../../../../arm-none-eabi/lib/thumb/v7e-m+fp/hard\libc_nano.a(libc_a-mlock.o)
                0x08003d70                __malloc_lock
 .text.__malloc_unlock
                0x08003d7c        0xc C:/ST/STM32CubeIDE_1.19.0/STM32CubeIDE/plugins/com.st.stm32cube.ide.mcu.externaltools.gnu-tools-for-stm32.13.3.rel1.win32_1.0.0.202411081344/tools/bin/../lib/gcc/arm-none-eabi/13.3.1/../../../../arm-none-eabi/lib/thumb/v7e-m+fp/hard\libc_nano.a(libc_a-mlock.o)
                0x08003d7c                __malloc_unlock
 .text.memset   0x08003d88       0x10 C:/ST/STM32CubeIDE_1.19.0/STM32CubeIDE/plugins/com.st.stm32cube.ide.mcu.externaltools.gnu-tools-for-stm32.13.3.rel1.win32_1.0.0.202411081344/tools/bin/../lib/gcc/arm-none-eabi/13.3.1/../../../../arm-none-eabi/lib/thumb/v7e-m+fp/hard\libc_nano.a(libc_a-memset.o)
                0x08003d88                memset
 .text._sbrk_r  0x08003d98       0x20 C:/ST/STM32CubeIDE_1.19.0/STM32CubeIDE/plugins/com.st.stm32cube.ide.mcu.externaltools.gnu-tools-for-stm32.13.3.rel1.win32_1.0.0.202411081344/tools/bin/../lib/gcc/arm-none-eabi/13.3.1/../../../../arm-none-eabi/lib/thumb/v7e-m+fp/hard\libc_nano.a(libc_a-sbrkr.o)
                0x08003d98                _sbrk_r
 .text.__errno  0x08003db8        0xc C:/ST/STM32CubeIDE_1.19.0/STM32CubeIDE/plugins/com.st.stm32cube.ide.mcu.externaltools.gnu-tools-for-stm32.13.3.rel1.win32_1.0.0.202411081344/tools/bin/../lib/gcc/arm-none-eabi/13.3.1/../../../../arm-none-eabi/lib/thumb/v7e-m+fp/hard\libc_nano.a(libc_a-errno.o)
                0x08003db8                __errno
 .text.__libc_init_array
                0x08003dc4       0x48 C:/ST/STM32CubeIDE_1.19.0/STM32CubeIDE/plugins/com.st.stm32cube.ide.mcu.externaltools.gnu-tools-for-stm32.13.3.rel1.win32_1.0.0.202411081344/tools/bin/../lib/gcc/arm-none-eabi/13.3.1/../../../../arm-none-eabi/lib/thumb/v7e-m+fp/hard\libc_nano.a(libc_a-init.o)
                0x08003dc4                __libc_init_array
 .text.__retarget_lock_acquire_recursive
                0x08003e0c        0x2 C:/ST/STM32CubeIDE_1.19.0/STM32CubeIDE/plugins/com.st.stm32cube.ide.mcu.externaltools.gnu-tools-for-stm32.13.3.rel1.win32_1.0.0.202411081344/tools/bin/../lib/gcc/arm-none-eabi/13.3.1/../../../../arm-none-eabi/lib/thumb/v7e-m+fp/hard\libc_nano.a(libc_a-lock.o)
                0x08003e0c                __retarget_lock_acquire_recursive
 .text.__retarget_lock_release_recursive
                0x08003e0e        0x2 C:/ST/STM32CubeIDE_1.19.0/STM32CubeIDE/plugins/com.st.stm32cube.ide.mcu.externaltools.gnu-tools-for-stm32.13.3.rel1.win32_1.0.0.202411081344/tools/bin/../lib/gcc/arm-none-eabi/13.3.1/../../../../arm-none-eabi/lib/thumb/v7e-m+fp/hard\libc_nano.a(libc_a-lock.o)
                0x08003e0e                __retarget_lock_release_recursive
 .text._free_r  0x08003e10       0x94 C:/ST/STM32CubeIDE_1.19.0/STM32CubeIDE/plugins/com.st.stm32cube.ide.mcu.externaltools.gnu-tools-for-stm32.13.3.rel1.win32_1.0.0.202411081344/tools/bin/../lib/gcc/arm-none-eabi/13.3.1/../../../../arm-none-eabi/lib/thumb/v7e-m+fp/hard\libc_nano.a(libc_a-freer.o)
                0x08003e10                _free_r
 *(.glue_7)
 .glue_7        0x08003ea4        0x0 linker stubs
 *(.glue_7t)
 .glue_7t       0x08003ea4        0x0 linker stubs
 *(.eh_frame)
 .eh_frame      0x08003ea4        0x0 C:/ST/STM32CubeIDE_1.19.0/STM32CubeIDE/plugins/com.st.stm32cube.ide.mcu.externaltools.gnu-tools-for-stm32.13.3.rel1.win32_1.0.0.202411081344/tools/bin/../lib/gcc/arm-none-eabi/13.3.1/thumb/v7e-m+fp/hard/crtbegin.o
 *(.init)
 .init          0x08003ea4        0x4 C:/ST/STM32CubeIDE_1.19.0/STM32CubeIDE/plugins/com.st.stm32cube.ide.mcu.externaltools.gnu-tools-for-stm32.13.3.rel1.win32_1.0.0.202411081344/tools/bin/../lib/gcc/arm-none-eabi/13.3.1/thumb/v7e-m+fp/hard/crti.o
                0x08003ea4                _init
 .init          0x08003ea8        0x8 C:/ST/STM32CubeIDE_1.19.0/STM32CubeIDE/plugins/com.st.stm32cube.ide.mcu.externaltools.gnu-tools-for-stm32.13.3.rel1.win32_1.0.0.202411081344/tools/bin/../lib/gcc/arm-none-eabi/13.3.1/thumb/v7e-m+fp/hard/crtn.o
 *(.fini)
 .fini          0x08003eb0        0x4 C:/ST/STM32CubeIDE_1.19.0/STM32CubeIDE/plugins/com.st.stm32cube.ide.mcu.externaltools.gnu-tools-for-stm32.13.3.rel1.win32_1.0.0.202411081344/tools/bin/../lib/gcc/arm-none-eabi/13.3.1/thumb/v7e-m+fp/hard/crti.o
                0x08003eb0                _fini
 .fini          0x08003eb4        0x8 C:/ST/STM32CubeIDE_1.19.0/STM32CubeIDE/plugins/com.st.stm32cube.ide.mcu.externaltools.gnu-tools-for-stm32.13.3.rel1.win32_1.0.0.202411081344/tools/bin/../lib/gcc/arm-none-eabi/13.3.1/thumb/v7e-m+fp/hard/crtn.o
                0x08003ebc                        . = ALIGN (0x4)
                0x08003ebc                        _etext = .

.vfp11_veneer   0x08003ebc        0x0
 .vfp11_veneer  0x08003ebc        0x0 linker stubs

.v4_bx          0x08003ebc        0x0
 .v4_bx         0x08003ebc        0x0 linker stubs

.iplt           0x08003ebc        0x0
 .iplt          0x08003ebc        0x0 C:/ST/STM32CubeIDE_1.19.0/STM32CubeIDE/plugins/com.st.stm32cube.ide.mcu.externaltools.gnu-tools-for-stm32.13.3.rel1.win32_1.0.0.202411081344/tools/bin/../lib/gcc/arm-none-eabi/13.3.1/thumb/v7e-m+fp/hard/crtbegin.o

.rodata         0x08003ebc      0xca0
                0x08003ebc                        . = ALIGN (0x4)
 *(.rodata)
 .rodata        0x08003ebc        0x6 ./Core/Src/ili9341_driver.o
 *fill*         0x08003ec2        0x2 
 .rodata        0x08003ec4       0x67 ./Core/Src/project.o
 *(.rodata*)
 *fill*         0x08003f2b        0x1 
 .rodata.xchar  0x08003f2c      0xc18 ./Core/Src/lcd_driver.o
                0x08003f2c                xchar
 .rodata.AHBPrescTable
                0x08004b44       0x10 ./Core/Src/system_stm32f4xx.o
                0x08004b44                AHBPrescTable
 .rodata.APBPrescTable
                0x08004b54        0x8 ./Core/Src/system_stm32f4xx.o
                0x08004b54                APBPrescTable
                0x08004b5c                        . = ALIGN (0x4)

.ARM.extab      0x08004b5c        0x0
                0x08004b5c                        . = ALIGN (0x4)
 *(.ARM.extab* .gnu.linkonce.armextab.*)
                0x08004b5c                        . = ALIGN (0x4)

.ARM            0x08004b5c        0x8
                0x08004b5c                        . = ALIGN (0x4)
                0x08004b5c                        __exidx_start = .
 *(.ARM.exidx*)
 .ARM.exidx     0x08004b5c        0x8 C:/ST/STM32CubeIDE_1.19.0/STM32CubeIDE/plugins/com.st.stm32cube.ide.mcu.externaltools.gnu-tools-for-stm32.13.3.rel1.win32_1.0.0.202411081344/tools/bin/../lib/gcc/arm-none-eabi/13.3.1/thumb/v7e-m+fp/hard\libgcc.a(_udivmoddi4.o)
                0x08004b64                        __exidx_end = .
                0x08004b64                        . = ALIGN (0x4)

.preinit_array  0x08004b64        0x0
                0x08004b64                        . = ALIGN (0x4)
                0x08004b64                        PROVIDE (__preinit_array_start = .)
 *(.preinit_array*)
                0x08004b64                        PROVIDE (__preinit_array_end = .)
                0x08004b64                        . = ALIGN (0x4)

.init_array     0x08004b64        0x4
                0x08004b64                        . = ALIGN (0x4)
                0x08004b64                        PROVIDE (__init_array_start = .)
 *(SORT_BY_NAME(.init_array.*))
 *(.init_array*)
 .init_array    0x08004b64        0x4 C:/ST/STM32CubeIDE_1.19.0/STM32CubeIDE/plugins/com.st.stm32cube.ide.mcu.externaltools.gnu-tools-for-stm32.13.3.rel1.win32_1.0.0.202411081344/tools/bin/../lib/gcc/arm-none-eabi/13.3.1/thumb/v7e-m+fp/hard/crtbegin.o
                0x08004b68                        PROVIDE (__init_array_end = .)
                0x08004b68                        . = ALIGN (0x4)

.fini_array     0x08004b68        0x4
                0x08004b68                        . = ALIGN (0x4)
                [!provide]                        PROVIDE (__fini_array_start = .)
 *(SORT_BY_NAME(.fini_array.*))
 *(.fini_array*)
 .fini_array    0x08004b68        0x4 C:/ST/STM32CubeIDE_1.19.0/STM32CubeIDE/plugins/com.st.stm32cube.ide.mcu.externaltools.gnu-tools-for-stm32.13.3.rel1.win32_1.0.0.202411081344/tools/bin/../lib/gcc/arm-none-eabi/13.3.1/thumb/v7e-m+fp/hard/crtbegin.o
                [!provide]                        PROVIDE (__fini_array_end = .)
                0x08004b6c                        . = ALIGN (0x4)
                0x08004b6c                        _sidata = LOADADDR (.data)

.rel.dyn        0x08004b6c        0x0
 .rel.iplt      0x08004b6c        0x0 C:/ST/STM32CubeIDE_1.19.0/STM32CubeIDE/plugins/com.st.stm32cube.ide.mcu.externaltools.gnu-tools-for-stm32.13.3.rel1.win32_1.0.0.202411081344/tools/bin/../lib/gcc/arm-none-eabi/13.3.1/thumb/v7e-m+fp/hard/crtbegin.o

.data           0x20000000       0x8c load address 0x08004b6c
                0x20000000                        . = ALIGN (0x4)
                0x20000000                        _sdata = .
 *(.data)
 *(.data*)
 .data.keyChars
                0x20000000       0x30 ./Core/Src/project.o
                0x20000000                keyChars
 .data.SystemCoreClock
                0x20000030        0x4 ./Core/Src/system_stm32f4xx.o
                0x20000030                SystemCoreClock
 .data.uwTickPrio
                0x20000034        0x4 ./Drivers/STM32F4xx_HAL_Driver/Src/stm32f4xx_hal.o
                0x20000034                uwTickPrio
 .data.uwTickFreq
                0x20000038        0x1 ./Drivers/STM32F4xx_HAL_Driver/Src/stm32f4xx_hal.o
                0x20000038                uwTickFreq
 *fill*         0x20000039        0x3 
 .data._impure_ptr
                0x2000003c        0x4 C:/ST/STM32CubeIDE_1.19.0/STM32CubeIDE/plugins/com.st.stm32cube.ide.mcu.externaltools.gnu-tools-for-stm32.13.3.rel1.win32_1.0.0.202411081344/tools/bin/../lib/gcc/arm-none-eabi/13.3.1/../../../../arm-none-eabi/lib/thumb/v7e-m+fp/hard\libc_nano.a(libc_a-impure.o)
                0x2000003c                _impure_ptr
 .data._impure_data
                0x20000040       0x4c C:/ST/STM32CubeIDE_1.19.0/STM32CubeIDE/plugins/com.st.stm32cube.ide.mcu.externaltools.gnu-tools-for-stm32.13.3.rel1.win32_1.0.0.202411081344/tools/bin/../lib/gcc/arm-none-eabi/13.3.1/../../../../arm-none-eabi/lib/thumb/v7e-m+fp/hard\libc_nano.a(libc_a-impure.o)
                0x20000040                _impure_data
 *(.RamFunc)
 *(.RamFunc*)
                0x2000008c                        . = ALIGN (0x4)
                0x2000008c                        _edata = .

.igot.plt       0x2000008c        0x0 load address 0x08004bf8
 .igot.plt      0x2000008c        0x0 C:/ST/STM32CubeIDE_1.19.0/STM32CubeIDE/plugins/com.st.stm32cube.ide.mcu.externaltools.gnu-tools-for-stm32.13.3.rel1.win32_1.0.0.202411081344/tools/bin/../lib/gcc/arm-none-eabi/13.3.1/thumb/v7e-m+fp/hard/crtbegin.o
                0x2000008c                        . = ALIGN (0x4)

.bss            0x2000008c      0x29c load address 0x08004bf8
                0x2000008c                        _sbss = .
                0x2000008c                        __bss_start__ = _sbss
 *(.bss)
 .bss           0x2000008c       0x1c C:/ST/STM32CubeIDE_1.19.0/STM32CubeIDE/plugins/com.st.stm32cube.ide.mcu.externaltools.gnu-tools-for-stm32.13.3.rel1.win32_1.0.0.202411081344/tools/bin/../lib/gcc/arm-none-eabi/13.3.1/thumb/v7e-m+fp/hard/crtbegin.o
 *(.bss*)
 .bss.hlcd      0x200000a8       0x38 ./Core/Src/project.o
                0x200000a8                hlcd
 .bss.hnkb      0x200000e0       0x54 ./Core/Src/project.o
                0x200000e0                hnkb
 .bss.MAX_LINE_CHAR
                0x20000134        0x1 ./Core/Src/project.o
                0x20000134                MAX_LINE_CHAR
 .bss.MAX_ROW_CHAR
                0x20000135        0x1 ./Core/Src/project.o
                0x20000135                MAX_ROW_CHAR
 .bss.seek      0x20000136        0x2 ./Core/Src/project.o
                0x20000136                seek
 .bss.hspi1     0x20000138       0x58 ./Core/Src/spi.o
                0x20000138                hspi1
 .bss.__sbrk_heap_end
                0x20000190        0x4 ./Core/Src/sysmem.o
 .bss.huart2    0x20000194       0x48 ./Core/Src/usart.o
                0x20000194                huart2
 .bss.uwTick    0x200001dc        0x4 ./Drivers/STM32F4xx_HAL_Driver/Src/stm32f4xx_hal.o
                0x200001dc                uwTick
 .bss.__malloc_sbrk_start
                0x200001e0        0x4 C:/ST/STM32CubeIDE_1.19.0/STM32CubeIDE/plugins/com.st.stm32cube.ide.mcu.externaltools.gnu-tools-for-stm32.13.3.rel1.win32_1.0.0.202411081344/tools/bin/../lib/gcc/arm-none-eabi/13.3.1/../../../../arm-none-eabi/lib/thumb/v7e-m+fp/hard\libc_nano.a(libc_a-mallocr.o)
                0x200001e0                __malloc_sbrk_start
 .bss.__malloc_free_list
                0x200001e4        0x4 C:/ST/STM32CubeIDE_1.19.0/STM32CubeIDE/plugins/com.st.stm32cube.ide.mcu.externaltools.gnu-tools-for-stm32.13.3.rel1.win32_1.0.0.202411081344/tools/bin/../lib/gcc/arm-none-eabi/13.3.1/../../../../arm-none-eabi/lib/thumb/v7e-m+fp/hard\libc_nano.a(libc_a-mallocr.o)
                0x200001e4                __malloc_free_list
 .bss.__sf      0x200001e8      0x138 C:/ST/STM32CubeIDE_1.19.0/STM32CubeIDE/plugins/com.st.stm32cube.ide.mcu.externaltools.gnu-tools-for-stm32.13.3.rel1.win32_1.0.0.202411081344/tools/bin/../lib/gcc/arm-none-eabi/13.3.1/../../../../arm-none-eabi/lib/thumb/v7e-m+fp/hard\libc_nano.a(libc_a-findfp.o)
                0x200001e8                __sf
 .bss.errno     0x20000320        0x4 C:/ST/STM32CubeIDE_1.19.0/STM32CubeIDE/plugins/com.st.stm32cube.ide.mcu.externaltools.gnu-tools-for-stm32.13.3.rel1.win32_1.0.0.202411081344/tools/bin/../lib/gcc/arm-none-eabi/13.3.1/../../../../arm-none-eabi/lib/thumb/v7e-m+fp/hard\libc_nano.a(libc_a-reent.o)
                0x20000320                errno
 .bss.__lock___malloc_recursive_mutex
                0x20000324        0x1 C:/ST/STM32CubeIDE_1.19.0/STM32CubeIDE/plugins/com.st.stm32cube.ide.mcu.externaltools.gnu-tools-for-stm32.13.3.rel1.win32_1.0.0.202411081344/tools/bin/../lib/gcc/arm-none-eabi/13.3.1/../../../../arm-none-eabi/lib/thumb/v7e-m+fp/hard\libc_nano.a(libc_a-lock.o)
                0x20000324                __lock___malloc_recursive_mutex
 *(COMMON)
                0x20000328                        . = ALIGN (0x4)
 *fill*         0x20000325        0x3 
                0x20000328                        _ebss = .
                0x20000328                        __bss_end__ = _ebss

._user_heap_stack
                0x20000328      0x600 load address 0x08004bf8
                0x20000328                        . = ALIGN (0x8)
                [!provide]                        PROVIDE (end = .)
                0x20000328                        PROVIDE (_end = .)
                0x20000528                        . = (. + _Min_Heap_Size)
 *fill*         0x20000328      0x200 
                0x20000928                        . = (. + _Min_Stack_Size)
 *fill*         0x20000528      0x400 
                0x20000928                        . = ALIGN (0x8)

/DISCARD/
 libc.a(*)
 libm.a(*)
 libgcc.a(*)

.ARM.attributes
                0x00000000       0x30
 *(.ARM.attributes)
 .ARM.attributes
                0x00000000       0x22 C:/ST/STM32CubeIDE_1.19.0/STM32CubeIDE/plugins/com.st.stm32cube.ide.mcu.externaltools.gnu-tools-for-stm32.13.3.rel1.win32_1.0.0.202411081344/tools/bin/../lib/gcc/arm-none-eabi/13.3.1/thumb/v7e-m+fp/hard/crti.o
 .ARM.attributes
                0x00000022       0x34 C:/ST/STM32CubeIDE_1.19.0/STM32CubeIDE/plugins/com.st.stm32cube.ide.mcu.externaltools.gnu-tools-for-stm32.13.3.rel1.win32_1.0.0.202411081344/tools/bin/../lib/gcc/arm-none-eabi/13.3.1/thumb/v7e-m+fp/hard/crtbegin.o
 .ARM.attributes
                0x00000056       0x34 ./Core/Src/gpio.o
 .ARM.attributes
                0x0000008a       0x34 ./Core/Src/ili9341_driver.o
 .ARM.attributes
                0x000000be       0x34 ./Core/Src/lcd_driver.o
 .ARM.attributes
                0x000000f2       0x34 ./Core/Src/main.o
 .ARM.attributes
                0x00000126       0x34 ./Core/Src/num_keyboard_driver.o
 .ARM.attributes
                0x0000015a       0x34 ./Core/Src/project.o
 .ARM.attributes
                0x0000018e       0x34 ./Core/Src/spi.o
 .ARM.attributes
                0x000001c2       0x34 ./Core/Src/stm32f4xx_hal_msp.o
 .ARM.attributes
                0x000001f6       0x34 ./Core/Src/stm32f4xx_it.o
 .ARM.attributes
                0x0000022a       0x34 ./Core/Src/sysmem.o
 .ARM.attributes
                0x0000025e       0x34 ./Core/Src/system_stm32f4xx.o
 .ARM.attributes
                0x00000292       0x34 ./Core/Src/usart.o
 .ARM.attributes
                0x000002c6       0x21 ./Core/Startup/startup_stm32f446retx.o
 .ARM.attributes
                0x000002e7       0x34 ./Drivers/STM32F4xx_HAL_Driver/Src/stm32f4xx_hal.o
 .ARM.attributes
                0x0000031b       0x34 ./Drivers/STM32F4xx_HAL_Driver/Src/stm32f4xx_hal_cortex.o
 .ARM.attributes
                0x0000034f       0x34 ./Drivers/STM32F4xx_HAL_Driver/Src/stm32f4xx_hal_gpio.o
 .ARM.attributes
                0x00000383       0x34 ./Drivers/STM32F4xx_HAL_Driver/Src/stm32f4xx_hal_rcc.o
 .ARM.attributes
                0x000003b7       0x34 ./Drivers/STM32F4xx_HAL_Driver/Src/stm32f4xx_hal_rcc_ex.o
 .ARM.attributes
                0x000003eb       0x34 ./Drivers/STM32F4xx_HAL_Driver/Src/stm32f4xx_hal_spi.o
 .ARM.attributes
                0x0000041f       0x34 ./Drivers/STM32F4xx_HAL_Driver/Src/stm32f4xx_hal_uart.o
 .ARM.attributes
                0x00000453       0x34 C:/ST/STM32CubeIDE_1.19.0/STM32CubeIDE/plugins/com.st.stm32cube.ide.mcu.externaltools.gnu-tools-for-stm32.13.3.rel1.win32_1.0.0.202411081344/tools/bin/../lib/gcc/arm-none-eabi/13.3.1/../../../../arm-none-eabi/lib/thumb/v7e-m+fp/hard\libc_nano.a(libc_a-malloc.o)
 .ARM.attributes
                0x00000487       0x34 C:/ST/STM32CubeIDE_1.19.0/STM32CubeIDE/plugins/com.st.stm32cube.ide.mcu.externaltools.gnu-tools-for-stm32.13.3.rel1.win32_1.0.0.202411081344/tools/bin/../lib/gcc/arm-none-eabi/13.3.1/../../../../arm-none-eabi/lib/thumb/v7e-m+fp/hard\libc_nano.a(libc_a-mallocr.o)
 .ARM.attributes
                0x000004bb       0x34 C:/ST/STM32CubeIDE_1.19.0/STM32CubeIDE/plugins/com.st.stm32cube.ide.mcu.externaltools.gnu-tools-for-stm32.13.3.rel1.win32_1.0.0.202411081344/tools/bin/../lib/gcc/arm-none-eabi/13.3.1/../../../../arm-none-eabi/lib/thumb/v7e-m+fp/hard\libc_nano.a(libc_a-mlock.o)
 .ARM.attributes
                0x000004ef       0x34 C:/ST/STM32CubeIDE_1.19.0/STM32CubeIDE/plugins/com.st.stm32cube.ide.mcu.externaltools.gnu-tools-for-stm32.13.3.rel1.win32_1.0.0.202411081344/tools/bin/../lib/gcc/arm-none-eabi/13.3.1/../../../../arm-none-eabi/lib/thumb/v7e-m+fp/hard\libc_nano.a(libc_a-findfp.o)
 .ARM.attributes
                0x00000523       0x34 C:/ST/STM32CubeIDE_1.19.0/STM32CubeIDE/plugins/com.st.stm32cube.ide.mcu.externaltools.gnu-tools-for-stm32.13.3.rel1.win32_1.0.0.202411081344/tools/bin/../lib/gcc/arm-none-eabi/13.3.1/../../../../arm-none-eabi/lib/thumb/v7e-m+fp/hard\libc_nano.a(libc_a-memset.o)
 .ARM.attributes
                0x00000557       0x34 C:/ST/STM32CubeIDE_1.19.0/STM32CubeIDE/plugins/com.st.stm32cube.ide.mcu.externaltools.gnu-tools-for-stm32.13.3.rel1.win32_1.0.0.202411081344/tools/bin/../lib/gcc/arm-none-eabi/13.3.1/../../../../arm-none-eabi/lib/thumb/v7e-m+fp/hard\libc_nano.a(libc_a-reent.o)
 .ARM.attributes
                0x0000058b       0x34 C:/ST/STM32CubeIDE_1.19.0/STM32CubeIDE/plugins/com.st.stm32cube.ide.mcu.externaltools.gnu-tools-for-stm32.13.3.rel1.win32_1.0.0.202411081344/tools/bin/../lib/gcc/arm-none-eabi/13.3.1/../../../../arm-none-eabi/lib/thumb/v7e-m+fp/hard\libc_nano.a(libc_a-impure.o)
 .ARM.attributes
                0x000005bf       0x34 C:/ST/STM32CubeIDE_1.19.0/STM32CubeIDE/plugins/com.st.stm32cube.ide.mcu.externaltools.gnu-tools-for-stm32.13.3.rel1.win32_1.0.0.202411081344/tools/bin/../lib/gcc/arm-none-eabi/13.3.1/../../../../arm-none-eabi/lib/thumb/v7e-m+fp/hard\libc_nano.a(libc_a-sbrkr.o)
 .ARM.attributes
                0x000005f3       0x34 C:/ST/STM32CubeIDE_1.19.0/STM32CubeIDE/plugins/com.st.stm32cube.ide.mcu.externaltools.gnu-tools-for-stm32.13.3.rel1.win32_1.0.0.202411081344/tools/bin/../lib/gcc/arm-none-eabi/13.3.1/../../../../arm-none-eabi/lib/thumb/v7e-m+fp/hard\libc_nano.a(libc_a-errno.o)
 .ARM.attributes
                0x00000627       0x34 C:/ST/STM32CubeIDE_1.19.0/STM32CubeIDE/plugins/com.st.stm32cube.ide.mcu.externaltools.gnu-tools-for-stm32.13.3.rel1.win32_1.0.0.202411081344/tools/bin/../lib/gcc/arm-none-eabi/13.3.1/../../../../arm-none-eabi/lib/thumb/v7e-m+fp/hard\libc_nano.a(libc_a-init.o)
 .ARM.attributes
                0x0000065b       0x34 C:/ST/STM32CubeIDE_1.19.0/STM32CubeIDE/plugins/com.st.stm32cube.ide.mcu.externaltools.gnu-tools-for-stm32.13.3.rel1.win32_1.0.0.202411081344/tools/bin/../lib/gcc/arm-none-eabi/13.3.1/../../../../arm-none-eabi/lib/thumb/v7e-m+fp/hard\libc_nano.a(libc_a-lock.o)
 .ARM.attributes
                0x0000068f       0x34 C:/ST/STM32CubeIDE_1.19.0/STM32CubeIDE/plugins/com.st.stm32cube.ide.mcu.externaltools.gnu-tools-for-stm32.13.3.rel1.win32_1.0.0.202411081344/tools/bin/../lib/gcc/arm-none-eabi/13.3.1/../../../../arm-none-eabi/lib/thumb/v7e-m+fp/hard\libc_nano.a(libc_a-freer.o)
 .ARM.attributes
                0x000006c3       0x22 C:/ST/STM32CubeIDE_1.19.0/STM32CubeIDE/plugins/com.st.stm32cube.ide.mcu.externaltools.gnu-tools-for-stm32.13.3.rel1.win32_1.0.0.202411081344/tools/bin/../lib/gcc/arm-none-eabi/13.3.1/thumb/v7e-m+fp/hard\libgcc.a(_aeabi_uldivmod.o)
 .ARM.attributes
                0x000006e5       0x34 C:/ST/STM32CubeIDE_1.19.0/STM32CubeIDE/plugins/com.st.stm32cube.ide.mcu.externaltools.gnu-tools-for-stm32.13.3.rel1.win32_1.0.0.202411081344/tools/bin/../lib/gcc/arm-none-eabi/13.3.1/thumb/v7e-m+fp/hard\libgcc.a(_udivmoddi4.o)
 .ARM.attributes
                0x00000719       0x22 C:/ST/STM32CubeIDE_1.19.0/STM32CubeIDE/plugins/com.st.stm32cube.ide.mcu.externaltools.gnu-tools-for-stm32.13.3.rel1.win32_1.0.0.202411081344/tools/bin/../lib/gcc/arm-none-eabi/13.3.1/thumb/v7e-m+fp/hard\libgcc.a(_dvmd_tls.o)
 .ARM.attributes
                0x0000073b       0x22 C:/ST/STM32CubeIDE_1.19.0/STM32CubeIDE/plugins/com.st.stm32cube.ide.mcu.externaltools.gnu-tools-for-stm32.13.3.rel1.win32_1.0.0.202411081344/tools/bin/../lib/gcc/arm-none-eabi/13.3.1/thumb/v7e-m+fp/hard/crtn.o
OUTPUT(STM32_DriversDev.elf elf32-littlearm)
LOAD linker stubs
LOAD C:/ST/STM32CubeIDE_1.19.0/STM32CubeIDE/plugins/com.st.stm32cube.ide.mcu.externaltools.gnu-tools-for-stm32.13.3.rel1.win32_1.0.0.202411081344/tools/bin/../lib/gcc/arm-none-eabi/13.3.1/../../../../arm-none-eabi/lib/thumb/v7e-m+fp/hard\libc.a
LOAD C:/ST/STM32CubeIDE_1.19.0/STM32CubeIDE/plugins/com.st.stm32cube.ide.mcu.externaltools.gnu-tools-for-stm32.13.3.rel1.win32_1.0.0.202411081344/tools/bin/../lib/gcc/arm-none-eabi/13.3.1/../../../../arm-none-eabi/lib/thumb/v7e-m+fp/hard\libm.a
LOAD C:/ST/STM32CubeIDE_1.19.0/STM32CubeIDE/plugins/com.st.stm32cube.ide.mcu.externaltools.gnu-tools-for-stm32.13.3.rel1.win32_1.0.0.202411081344/tools/bin/../lib/gcc/arm-none-eabi/13.3.1/thumb/v7e-m+fp/hard\libgcc.a

.debug_info     0x00000000     0xc05c
 .debug_info    0x00000000      0x439 ./Core/Src/gpio.o
 .debug_info    0x00000439      0xd52 ./Core/Src/ili9341_driver.o
 .debug_info    0x0000118b      0x17a ./Core/Src/lcd_driver.o
 .debug_info    0x00001305      0x55b ./Core/Src/main.o
 .debug_info    0x00001860      0x789 ./Core/Src/num_keyboard_driver.o
 .debug_info    0x00001fe9      0xde7 ./Core/Src/project.o
 .debug_info    0x00002dd0      0x97d ./Core/Src/spi.o
 .debug_info    0x0000374d      0x2ac ./Core/Src/stm32f4xx_hal_msp.o
 .debug_info    0x000039f9      0x112 ./Core/Src/stm32f4xx_it.o
 .debug_info    0x00003b0b      0x168 ./Core/Src/sysmem.o
 .debug_info    0x00003c73      0x54a ./Core/Src/system_stm32f4xx.o
 .debug_info    0x000041bd      0x94d ./Core/Src/usart.o
 .debug_info    0x00004b0a       0x30 ./Core/Startup/startup_stm32f446retx.o
 .debug_info    0x00004b3a      0x99a ./Drivers/STM32F4xx_HAL_Driver/Src/stm32f4xx_hal.o
 .debug_info    0x000054d4      0xdaa ./Drivers/STM32F4xx_HAL_Driver/Src/stm32f4xx_hal_cortex.o
 .debug_info    0x0000627e      0x70b ./Drivers/STM32F4xx_HAL_Driver/Src/stm32f4xx_hal_gpio.o
 .debug_info    0x00006989      0x8ff ./Drivers/STM32F4xx_HAL_Driver/Src/stm32f4xx_hal_rcc.o
 .debug_info    0x00007288      0x960 ./Drivers/STM32F4xx_HAL_Driver/Src/stm32f4xx_hal_rcc_ex.o
 .debug_info    0x00007be8     0x1525 ./Drivers/STM32F4xx_HAL_Driver/Src/stm32f4xx_hal_spi.o
 .debug_info    0x0000910d     0x2f4f ./Drivers/STM32F4xx_HAL_Driver/Src/stm32f4xx_hal_uart.o

.debug_abbrev   0x00000000     0x23d6
 .debug_abbrev  0x00000000      0x152 ./Core/Src/gpio.o
 .debug_abbrev  0x00000152      0x265 ./Core/Src/ili9341_driver.o
 .debug_abbrev  0x000003b7       0xc9 ./Core/Src/lcd_driver.o
 .debug_abbrev  0x00000480      0x1f6 ./Core/Src/main.o
 .debug_abbrev  0x00000676      0x264 ./Core/Src/num_keyboard_driver.o
 .debug_abbrev  0x000008da      0x253 ./Core/Src/project.o
 .debug_abbrev  0x00000b2d      0x1fa ./Core/Src/spi.o
 .debug_abbrev  0x00000d27       0xf4 ./Core/Src/stm32f4xx_hal_msp.o
 .debug_abbrev  0x00000e1b       0x73 ./Core/Src/stm32f4xx_it.o
 .debug_abbrev  0x00000e8e       0xbc ./Core/Src/sysmem.o
 .debug_abbrev  0x00000f4a      0x11a ./Core/Src/system_stm32f4xx.o
 .debug_abbrev  0x00001064      0x1f9 ./Core/Src/usart.o
 .debug_abbrev  0x0000125d       0x24 ./Core/Startup/startup_stm32f446retx.o
 .debug_abbrev  0x00001281      0x214 ./Drivers/STM32F4xx_HAL_Driver/Src/stm32f4xx_hal.o
 .debug_abbrev  0x00001495      0x31d ./Drivers/STM32F4xx_HAL_Driver/Src/stm32f4xx_hal_cortex.o
 .debug_abbrev  0x000017b2      0x1d4 ./Drivers/STM32F4xx_HAL_Driver/Src/stm32f4xx_hal_gpio.o
 .debug_abbrev  0x00001986      0x2b7 ./Drivers/STM32F4xx_HAL_Driver/Src/stm32f4xx_hal_rcc.o
 .debug_abbrev  0x00001c3d      0x211 ./Drivers/STM32F4xx_HAL_Driver/Src/stm32f4xx_hal_rcc_ex.o
 .debug_abbrev  0x00001e4e      0x27a ./Drivers/STM32F4xx_HAL_Driver/Src/stm32f4xx_hal_spi.o
 .debug_abbrev  0x000020c8      0x30e ./Drivers/STM32F4xx_HAL_Driver/Src/stm32f4xx_hal_uart.o

.debug_aranges  0x00000000      0xa38
 .debug_aranges
                0x00000000       0x20 ./Core/Src/gpio.o
 .debug_aranges
                0x00000020       0x78 ./Core/Src/ili9341_driver.o
 .debug_aranges
                0x00000098       0x20 ./Core/Src/lcd_driver.o
 .debug_aranges
                0x000000b8       0x30 ./Core/Src/main.o
 .debug_aranges
                0x000000e8       0x78 ./Core/Src/num_keyboard_driver.o
 .debug_aranges
                0x00000160       0x38 ./Core/Src/project.o
 .debug_aranges
                0x00000198       0x30 ./Core/Src/spi.o
 .debug_aranges
                0x000001c8       0x20 ./Core/Src/stm32f4xx_hal_msp.o
 .debug_aranges
                0x000001e8       0x60 ./Core/Src/stm32f4xx_it.o
 .debug_aranges
                0x00000248       0x20 ./Core/Src/sysmem.o
 .debug_aranges
                0x00000268       0x28 ./Core/Src/system_stm32f4xx.o
 .debug_aranges
                0x00000290       0x30 ./Core/Src/usart.o
 .debug_aranges
                0x000002c0       0x28 ./Core/Startup/startup_stm32f446retx.o
 .debug_aranges
                0x000002e8       0xf0 ./Drivers/STM32F4xx_HAL_Driver/Src/stm32f4xx_hal.o
 .debug_aranges
                0x000003d8      0x130 ./Drivers/STM32F4xx_HAL_Driver/Src/stm32f4xx_hal_cortex.o
 .debug_aranges
                0x00000508       0x58 ./Drivers/STM32F4xx_HAL_Driver/Src/stm32f4xx_hal_gpio.o
 .debug_aranges
                0x00000560       0x88 ./Drivers/STM32F4xx_HAL_Driver/Src/stm32f4xx_hal_rcc.o
 .debug_aranges
                0x000005e8       0x78 ./Drivers/STM32F4xx_HAL_Driver/Src/stm32f4xx_hal_rcc_ex.o
 .debug_aranges
                0x00000660      0x1d0 ./Drivers/STM32F4xx_HAL_Driver/Src/stm32f4xx_hal_spi.o
 .debug_aranges
                0x00000830      0x208 ./Drivers/STM32F4xx_HAL_Driver/Src/stm32f4xx_hal_uart.o

.debug_rnglists
                0x00000000      0x7bc
 .debug_rnglists
                0x00000000       0x14 ./Core/Src/gpio.o
 .debug_rnglists
                0x00000014       0x58 ./Core/Src/ili9341_driver.o
 .debug_rnglists
                0x0000006c       0x14 ./Core/Src/lcd_driver.o
 .debug_rnglists
                0x00000080       0x20 ./Core/Src/main.o
 .debug_rnglists
                0x000000a0       0x5a ./Core/Src/num_keyboard_driver.o
 .debug_rnglists
                0x000000fa       0x29 ./Core/Src/project.o
 .debug_rnglists
                0x00000123       0x20 ./Core/Src/spi.o
 .debug_rnglists
                0x00000143       0x13 ./Core/Src/stm32f4xx_hal_msp.o
 .debug_rnglists
                0x00000156       0x43 ./Core/Src/stm32f4xx_it.o
 .debug_rnglists
                0x00000199       0x13 ./Core/Src/sysmem.o
 .debug_rnglists
                0x000001ac       0x1a ./Core/Src/system_stm32f4xx.o
 .debug_rnglists
                0x000001c6       0x20 ./Core/Src/usart.o
 .debug_rnglists
                0x000001e6       0x19 ./Core/Startup/startup_stm32f446retx.o
 .debug_rnglists
                0x000001ff       0xaf ./Drivers/STM32F4xx_HAL_Driver/Src/stm32f4xx_hal.o
 .debug_rnglists
                0x000002ae       0xe0 ./Drivers/STM32F4xx_HAL_Driver/Src/stm32f4xx_hal_cortex.o
 .debug_rnglists
                0x0000038e       0x3f ./Drivers/STM32F4xx_HAL_Driver/Src/stm32f4xx_hal_gpio.o
 .debug_rnglists
                0x000003cd       0x66 ./Drivers/STM32F4xx_HAL_Driver/Src/stm32f4xx_hal_rcc.o
 .debug_rnglists
                0x00000433       0x5e ./Drivers/STM32F4xx_HAL_Driver/Src/stm32f4xx_hal_rcc_ex.o
 .debug_rnglists
                0x00000491      0x16f ./Drivers/STM32F4xx_HAL_Driver/Src/stm32f4xx_hal_spi.o
 .debug_rnglists
                0x00000600      0x1bc ./Drivers/STM32F4xx_HAL_Driver/Src/stm32f4xx_hal_uart.o

.debug_macro    0x00000000    0x22799
 .debug_macro   0x00000000      0x1dd ./Core/Src/gpio.o
 .debug_macro   0x000001dd      0xad8 ./Core/Src/gpio.o
 .debug_macro   0x00000cb5      0x29b ./Core/Src/gpio.o
 .debug_macro   0x00000f50       0x2e ./Core/Src/gpio.o
 .debug_macro   0x00000f7e       0x28 ./Core/Src/gpio.o
 .debug_macro   0x00000fa6       0x22 ./Core/Src/gpio.o
 .debug_macro   0x00000fc8       0x8e ./Core/Src/gpio.o
 .debug_macro   0x00001056       0x51 ./Core/Src/gpio.o
 .debug_macro   0x000010a7      0x103 ./Core/Src/gpio.o
 .debug_macro   0x000011aa       0x6a ./Core/Src/gpio.o
 .debug_macro   0x00001214      0x1df ./Core/Src/gpio.o
 .debug_macro   0x000013f3       0x1c ./Core/Src/gpio.o
 .debug_macro   0x0000140f       0x22 ./Core/Src/gpio.o
 .debug_macro   0x00001431       0xfb ./Core/Src/gpio.o
 .debug_macro   0x0000152c     0x1011 ./Core/Src/gpio.o
 .debug_macro   0x0000253d      0x11f ./Core/Src/gpio.o
 .debug_macro   0x0000265c    0x1675e ./Core/Src/gpio.o
 .debug_macro   0x00018dba       0x6d ./Core/Src/gpio.o
 .debug_macro   0x00018e27     0x3693 ./Core/Src/gpio.o
 .debug_macro   0x0001c4ba      0x190 ./Core/Src/gpio.o
 .debug_macro   0x0001c64a       0x5c ./Core/Src/gpio.o
 .debug_macro   0x0001c6a6      0xca5 ./Core/Src/gpio.o
 .debug_macro   0x0001d34b      0x9e9 ./Core/Src/gpio.o
 .debug_macro   0x0001dd34      0x115 ./Core/Src/gpio.o
 .debug_macro   0x0001de49      0x1a0 ./Core/Src/gpio.o
 .debug_macro   0x0001dfe9       0xa5 ./Core/Src/gpio.o
 .debug_macro   0x0001e08e      0x16d ./Core/Src/gpio.o
 .debug_macro   0x0001e1fb      0x287 ./Core/Src/gpio.o
 .debug_macro   0x0001e482       0x5f ./Core/Src/gpio.o
 .debug_macro   0x0001e4e1      0x236 ./Core/Src/gpio.o
 .debug_macro   0x0001e717      0x132 ./Core/Src/gpio.o
 .debug_macro   0x0001e849      0x29c ./Core/Src/gpio.o
 .debug_macro   0x0001eae5       0x2e ./Core/Src/gpio.o
 .debug_macro   0x0001eb13      0x127 ./Core/Src/gpio.o
 .debug_macro   0x0001ec3a       0xe8 ./Core/Src/gpio.o
 .debug_macro   0x0001ed22       0x89 ./Core/Src/gpio.o
 .debug_macro   0x0001edab      0x225 ./Core/Src/gpio.o
 .debug_macro   0x0001efd0      0x2aa ./Core/Src/gpio.o
 .debug_macro   0x0001f27a      0x126 ./Core/Src/gpio.o
 .debug_macro   0x0001f3a0       0xd0 ./Core/Src/gpio.o
 .debug_macro   0x0001f470      0x2be ./Core/Src/ili9341_driver.o
 .debug_macro   0x0001f72e       0xd6 ./Core/Src/ili9341_driver.o
 .debug_macro   0x0001f804      0x124 ./Core/Src/ili9341_driver.o
 .debug_macro   0x0001f928       0x2a ./Core/Src/ili9341_driver.o
 .debug_macro   0x0001f952       0x61 ./Core/Src/ili9341_driver.o
 .debug_macro   0x0001f9b3       0x43 ./Core/Src/ili9341_driver.o
 .debug_macro   0x0001f9f6       0x34 ./Core/Src/ili9341_driver.o
 .debug_macro   0x0001fa2a       0x16 ./Core/Src/ili9341_driver.o
 .debug_macro   0x0001fa40       0x3c ./Core/Src/ili9341_driver.o
 .debug_macro   0x0001fa7c      0x370 ./Core/Src/ili9341_driver.o
 .debug_macro   0x0001fdec       0x16 ./Core/Src/ili9341_driver.o
 .debug_macro   0x0001fe02       0x4a ./Core/Src/ili9341_driver.o
 .debug_macro   0x0001fe4c       0x34 ./Core/Src/ili9341_driver.o
 .debug_macro   0x0001fe80       0x10 ./Core/Src/ili9341_driver.o
 .debug_macro   0x0001fe90       0x58 ./Core/Src/ili9341_driver.o
 .debug_macro   0x0001fee8       0x8e ./Core/Src/ili9341_driver.o
 .debug_macro   0x0001ff76       0x1c ./Core/Src/ili9341_driver.o
 .debug_macro   0x0001ff92      0x185 ./Core/Src/ili9341_driver.o
 .debug_macro   0x00020117       0x16 ./Core/Src/ili9341_driver.o
 .debug_macro   0x0002012d       0x29 ./Core/Src/ili9341_driver.o
 .debug_macro   0x00020156      0x1dc ./Core/Src/lcd_driver.o
 .debug_macro   0x00020332      0x1ff ./Core/Src/main.o
 .debug_macro   0x00020531      0x1d9 ./Core/Src/num_keyboard_driver.o
 .debug_macro   0x0002070a       0x58 ./Core/Src/num_keyboard_driver.o
 .debug_macro   0x00020762      0x350 ./Core/Src/project.o
 .debug_macro   0x00020ab2       0x16 ./Core/Src/project.o
 .debug_macro   0x00020ac8       0x10 ./Core/Src/project.o
 .debug_macro   0x00020ad8       0x16 ./Core/Src/project.o
 .debug_macro   0x00020aee       0x16 ./Core/Src/project.o
 .debug_macro   0x00020b04      0x146 ./Core/Src/project.o
 .debug_macro   0x00020c4a       0x16 ./Core/Src/project.o
 .debug_macro   0x00020c60       0x20 ./Core/Src/project.o
 .debug_macro   0x00020c80      0x12a ./Core/Src/project.o
 .debug_macro   0x00020daa       0x1f ./Core/Src/project.o
 .debug_macro   0x00020dc9       0x5e ./Core/Src/project.o
 .debug_macro   0x00020e27      0x1dd ./Core/Src/spi.o
 .debug_macro   0x00021004      0x1d3 ./Core/Src/stm32f4xx_hal_msp.o
 .debug_macro   0x000211d7      0x1dd ./Core/Src/stm32f4xx_it.o
 .debug_macro   0x000213b4      0x112 ./Core/Src/sysmem.o
 .debug_macro   0x000214c6      0x23c ./Core/Src/sysmem.o
 .debug_macro   0x00021702      0x1c4 ./Core/Src/system_stm32f4xx.o
 .debug_macro   0x000218c6      0x1dd ./Core/Src/usart.o
 .debug_macro   0x00021aa3      0x224 ./Drivers/STM32F4xx_HAL_Driver/Src/stm32f4xx_hal.o
 .debug_macro   0x00021cc7      0x1c4 ./Drivers/STM32F4xx_HAL_Driver/Src/stm32f4xx_hal_cortex.o
 .debug_macro   0x00021e8b      0x1ca ./Drivers/STM32F4xx_HAL_Driver/Src/stm32f4xx_hal_gpio.o
 .debug_macro   0x00022055      0x1e8 ./Drivers/STM32F4xx_HAL_Driver/Src/stm32f4xx_hal_rcc.o
 .debug_macro   0x0002223d      0x1c4 ./Drivers/STM32F4xx_HAL_Driver/Src/stm32f4xx_hal_rcc_ex.o
 .debug_macro   0x00022401      0x1d3 ./Drivers/STM32F4xx_HAL_Driver/Src/stm32f4xx_hal_spi.o
 .debug_macro   0x000225d4      0x1c5 ./Drivers/STM32F4xx_HAL_Driver/Src/stm32f4xx_hal_uart.o

.debug_line     0x00000000     0xec33
 .debug_line    0x00000000      0x784 ./Core/Src/gpio.o
 .debug_line    0x00000784      0xb7c ./Core/Src/ili9341_driver.o
 .debug_line    0x00001300      0x7f3 ./Core/Src/lcd_driver.o
 .debug_line    0x00001af3      0x7e5 ./Core/Src/main.o
 .debug_line    0x000022d8      0xac1 ./Core/Src/num_keyboard_driver.o
 .debug_line    0x00002d99      0xaf2 ./Core/Src/project.o
 .debug_line    0x0000388b      0x7b2 ./Core/Src/spi.o
 .debug_line    0x0000403d      0x72d ./Core/Src/stm32f4xx_hal_msp.o
 .debug_line    0x0000476a      0x7db ./Core/Src/stm32f4xx_it.o
 .debug_line    0x00004f45      0x588 ./Core/Src/sysmem.o
 .debug_line    0x000054cd      0x7a2 ./Core/Src/system_stm32f4xx.o
 .debug_line    0x00005c6f      0x79a ./Core/Src/usart.o
 .debug_line    0x00006409       0x7a ./Core/Startup/startup_stm32f446retx.o
 .debug_line    0x00006483      0xa1e ./Drivers/STM32F4xx_HAL_Driver/Src/stm32f4xx_hal.o
 .debug_line    0x00006ea1      0xcee ./Drivers/STM32F4xx_HAL_Driver/Src/stm32f4xx_hal_cortex.o
 .debug_line    0x00007b8f      0xb62 ./Drivers/STM32F4xx_HAL_Driver/Src/stm32f4xx_hal_gpio.o
 .debug_line    0x000086f1      0xe39 ./Drivers/STM32F4xx_HAL_Driver/Src/stm32f4xx_hal_rcc.o
 .debug_line    0x0000952a     0x14ea ./Drivers/STM32F4xx_HAL_Driver/Src/stm32f4xx_hal_rcc_ex.o
 .debug_line    0x0000aa14     0x1cb9 ./Drivers/STM32F4xx_HAL_Driver/Src/stm32f4xx_hal_spi.o
 .debug_line    0x0000c6cd     0x2566 ./Drivers/STM32F4xx_HAL_Driver/Src/stm32f4xx_hal_uart.o

.debug_str      0x00000000    0xcb159
 .debug_str     0x00000000    0xcb159 ./Core/Src/gpio.o
                              0xc3ffc (size before relaxing)
 .debug_str     0x000cb159    0xc7a29 ./Core/Src/ili9341_driver.o
 .debug_str     0x000cb159    0xc40b3 ./Core/Src/lcd_driver.o
 .debug_str     0x000cb159    0xc417b ./Core/Src/main.o
 .debug_str     0x000cb159    0xc3f5a ./Core/Src/num_keyboard_driver.o
 .debug_str     0x000cb159    0xc8439 ./Core/Src/project.o
 .debug_str     0x000cb159    0xc4488 ./Core/Src/spi.o
 .debug_str     0x000cb159    0xc3f4e ./Core/Src/stm32f4xx_hal_msp.o
 .debug_str     0x000cb159    0xc3e92 ./Core/Src/stm32f4xx_it.o
 .debug_str     0x000cb159     0x7778 ./Core/Src/sysmem.o
 .debug_str     0x000cb159    0xc3c93 ./Core/Src/system_stm32f4xx.o
 .debug_str     0x000cb159    0xc44b9 ./Core/Src/usart.o
 .debug_str     0x000cb159       0x7a ./Core/Startup/startup_stm32f446retx.o
 .debug_str     0x000cb159    0xc4858 ./Drivers/STM32F4xx_HAL_Driver/Src/stm32f4xx_hal.o
 .debug_str     0x000cb159    0xc45af ./Drivers/STM32F4xx_HAL_Driver/Src/stm32f4xx_hal_cortex.o
 .debug_str     0x000cb159    0xc3e0e ./Drivers/STM32F4xx_HAL_Driver/Src/stm32f4xx_hal_gpio.o
 .debug_str     0x000cb159    0xc40cc ./Drivers/STM32F4xx_HAL_Driver/Src/stm32f4xx_hal_rcc.o
 .debug_str     0x000cb159    0xc40ff ./Drivers/STM32F4xx_HAL_Driver/Src/stm32f4xx_hal_rcc_ex.o
 .debug_str     0x000cb159    0xc452c ./Drivers/STM32F4xx_HAL_Driver/Src/stm32f4xx_hal_spi.o
 .debug_str     0x000cb159    0xc4683 ./Drivers/STM32F4xx_HAL_Driver/Src/stm32f4xx_hal_uart.o

.comment        0x00000000       0x43
 .comment       0x00000000       0x43 ./Core/Src/gpio.o
                                 0x44 (size before relaxing)
 .comment       0x00000043       0x44 ./Core/Src/ili9341_driver.o
 .comment       0x00000043       0x44 ./Core/Src/lcd_driver.o
 .comment       0x00000043       0x44 ./Core/Src/main.o
 .comment       0x00000043       0x44 ./Core/Src/num_keyboard_driver.o
 .comment       0x00000043       0x44 ./Core/Src/project.o
 .comment       0x00000043       0x44 ./Core/Src/spi.o
 .comment       0x00000043       0x44 ./Core/Src/stm32f4xx_hal_msp.o
 .comment       0x00000043       0x44 ./Core/Src/stm32f4xx_it.o
 .comment       0x00000043       0x44 ./Core/Src/sysmem.o
 .comment       0x00000043       0x44 ./Core/Src/system_stm32f4xx.o
 .comment       0x00000043       0x44 ./Core/Src/usart.o
 .comment       0x00000043       0x44 ./Drivers/STM32F4xx_HAL_Driver/Src/stm32f4xx_hal.o
 .comment       0x00000043       0x44 ./Drivers/STM32F4xx_HAL_Driver/Src/stm32f4xx_hal_cortex.o
 .comment       0x00000043       0x44 ./Drivers/STM32F4xx_HAL_Driver/Src/stm32f4xx_hal_gpio.o
 .comment       0x00000043       0x44 ./Drivers/STM32F4xx_HAL_Driver/Src/stm32f4xx_hal_rcc.o
 .comment       0x00000043       0x44 ./Drivers/STM32F4xx_HAL_Driver/Src/stm32f4xx_hal_rcc_ex.o
 .comment       0x00000043       0x44 ./Drivers/STM32F4xx_HAL_Driver/Src/stm32f4xx_hal_spi.o
 .comment       0x00000043       0x44 ./Drivers/STM32F4xx_HAL_Driver/Src/stm32f4xx_hal_uart.o

.debug_frame    0x00000000     0x2afc
 .debug_frame   0x00000000       0x34 ./Core/Src/gpio.o
 .debug_frame   0x00000034      0x1cc ./Core/Src/ili9341_driver.o
 .debug_frame   0x00000200       0x38 ./Core/Src/lcd_driver.o
 .debug_frame   0x00000238       0x6c ./Core/Src/main.o
 .debug_frame   0x000002a4      0x1d4 ./Core/Src/num_keyboard_driver.o
 .debug_frame   0x00000478       0xac ./Core/Src/project.o
 .debug_frame   0x00000524       0x74 ./Core/Src/spi.o
 .debug_frame   0x00000598       0x34 ./Core/Src/stm32f4xx_hal_msp.o
 .debug_frame   0x000005cc      0x104 ./Core/Src/stm32f4xx_it.o
 .debug_frame   0x000006d0       0x34 ./Core/Src/sysmem.o
 .debug_frame   0x00000704       0x58 ./Core/Src/system_stm32f4xx.o
 .debug_frame   0x0000075c       0x74 ./Core/Src/usart.o
 .debug_frame   0x000007d0      0x374 ./Drivers/STM32F4xx_HAL_Driver/Src/stm32f4xx_hal.o
 .debug_frame   0x00000b44      0x508 ./Drivers/STM32F4xx_HAL_Driver/Src/stm32f4xx_hal_cortex.o
 .debug_frame   0x0000104c      0x14c ./Drivers/STM32F4xx_HAL_Driver/Src/stm32f4xx_hal_gpio.o
 .debug_frame   0x00001198      0x1f4 ./Drivers/STM32F4xx_HAL_Driver/Src/stm32f4xx_hal_rcc.o
 .debug_frame   0x0000138c      0x1e8 ./Drivers/STM32F4xx_HAL_Driver/Src/stm32f4xx_hal_rcc_ex.o
 .debug_frame   0x00001574      0x828 ./Drivers/STM32F4xx_HAL_Driver/Src/stm32f4xx_hal_spi.o
 .debug_frame   0x00001d9c      0x954 ./Drivers/STM32F4xx_HAL_Driver/Src/stm32f4xx_hal_uart.o
 .debug_frame   0x000026f0       0x30 C:/ST/STM32CubeIDE_1.19.0/STM32CubeIDE/plugins/com.st.stm32cube.ide.mcu.externaltools.gnu-tools-for-stm32.13.3.rel1.win32_1.0.0.202411081344/tools/bin/../lib/gcc/arm-none-eabi/13.3.1/../../../../arm-none-eabi/lib/thumb/v7e-m+fp/hard\libc_nano.a(libc_a-malloc.o)
 .debug_frame   0x00002720       0x50 C:/ST/STM32CubeIDE_1.19.0/STM32CubeIDE/plugins/com.st.stm32cube.ide.mcu.externaltools.gnu-tools-for-stm32.13.3.rel1.win32_1.0.0.202411081344/tools/bin/../lib/gcc/arm-none-eabi/13.3.1/../../../../arm-none-eabi/lib/thumb/v7e-m+fp/hard\libc_nano.a(libc_a-mallocr.o)
 .debug_frame   0x00002770       0x30 C:/ST/STM32CubeIDE_1.19.0/STM32CubeIDE/plugins/com.st.stm32cube.ide.mcu.externaltools.gnu-tools-for-stm32.13.3.rel1.win32_1.0.0.202411081344/tools/bin/../lib/gcc/arm-none-eabi/13.3.1/../../../../arm-none-eabi/lib/thumb/v7e-m+fp/hard\libc_nano.a(libc_a-mlock.o)
 .debug_frame   0x000027a0      0x144 C:/ST/STM32CubeIDE_1.19.0/STM32CubeIDE/plugins/com.st.stm32cube.ide.mcu.externaltools.gnu-tools-for-stm32.13.3.rel1.win32_1.0.0.202411081344/tools/bin/../lib/gcc/arm-none-eabi/13.3.1/../../../../arm-none-eabi/lib/thumb/v7e-m+fp/hard\libc_nano.a(libc_a-findfp.o)
 .debug_frame   0x000028e4       0x20 C:/ST/STM32CubeIDE_1.19.0/STM32CubeIDE/plugins/com.st.stm32cube.ide.mcu.externaltools.gnu-tools-for-stm32.13.3.rel1.win32_1.0.0.202411081344/tools/bin/../lib/gcc/arm-none-eabi/13.3.1/../../../../arm-none-eabi/lib/thumb/v7e-m+fp/hard\libc_nano.a(libc_a-memset.o)
 .debug_frame   0x00002904       0x38 C:/ST/STM32CubeIDE_1.19.0/STM32CubeIDE/plugins/com.st.stm32cube.ide.mcu.externaltools.gnu-tools-for-stm32.13.3.rel1.win32_1.0.0.202411081344/tools/bin/../lib/gcc/arm-none-eabi/13.3.1/../../../../arm-none-eabi/lib/thumb/v7e-m+fp/hard\libc_nano.a(libc_a-reent.o)
 .debug_frame   0x0000293c       0x2c C:/ST/STM32CubeIDE_1.19.0/STM32CubeIDE/plugins/com.st.stm32cube.ide.mcu.externaltools.gnu-tools-for-stm32.13.3.rel1.win32_1.0.0.202411081344/tools/bin/../lib/gcc/arm-none-eabi/13.3.1/../../../../arm-none-eabi/lib/thumb/v7e-m+fp/hard\libc_nano.a(libc_a-sbrkr.o)
 .debug_frame   0x00002968       0x20 C:/ST/STM32CubeIDE_1.19.0/STM32CubeIDE/plugins/com.st.stm32cube.ide.mcu.externaltools.gnu-tools-for-stm32.13.3.rel1.win32_1.0.0.202411081344/tools/bin/../lib/gcc/arm-none-eabi/13.3.1/../../../../arm-none-eabi/lib/thumb/v7e-m+fp/hard\libc_nano.a(libc_a-errno.o)
 .debug_frame   0x00002988       0x2c C:/ST/STM32CubeIDE_1.19.0/STM32CubeIDE/plugins/com.st.stm32cube.ide.mcu.externaltools.gnu-tools-for-stm32.13.3.rel1.win32_1.0.0.202411081344/tools/bin/../lib/gcc/arm-none-eabi/13.3.1/../../../../arm-none-eabi/lib/thumb/v7e-m+fp/hard\libc_nano.a(libc_a-init.o)
 .debug_frame   0x000029b4       0xb0 C:/ST/STM32CubeIDE_1.19.0/STM32CubeIDE/plugins/com.st.stm32cube.ide.mcu.externaltools.gnu-tools-for-stm32.13.3.rel1.win32_1.0.0.202411081344/tools/bin/../lib/gcc/arm-none-eabi/13.3.1/../../../../arm-none-eabi/lib/thumb/v7e-m+fp/hard\libc_nano.a(libc_a-lock.o)
 .debug_frame   0x00002a64       0x38 C:/ST/STM32CubeIDE_1.19.0/STM32CubeIDE/plugins/com.st.stm32cube.ide.mcu.externaltools.gnu-tools-for-stm32.13.3.rel1.win32_1.0.0.202411081344/tools/bin/../lib/gcc/arm-none-eabi/13.3.1/../../../../arm-none-eabi/lib/thumb/v7e-m+fp/hard\libc_nano.a(libc_a-freer.o)
 .debug_frame   0x00002a9c       0x2c C:/ST/STM32CubeIDE_1.19.0/STM32CubeIDE/plugins/com.st.stm32cube.ide.mcu.externaltools.gnu-tools-for-stm32.13.3.rel1.win32_1.0.0.202411081344/tools/bin/../lib/gcc/arm-none-eabi/13.3.1/thumb/v7e-m+fp/hard\libgcc.a(_aeabi_uldivmod.o)
 .debug_frame   0x00002ac8       0x34 C:/ST/STM32CubeIDE_1.19.0/STM32CubeIDE/plugins/com.st.stm32cube.ide.mcu.externaltools.gnu-tools-for-stm32.13.3.rel1.win32_1.0.0.202411081344/tools/bin/../lib/gcc/arm-none-eabi/13.3.1/thumb/v7e-m+fp/hard\libgcc.a(_udivmoddi4.o)

.debug_line_str
                0x00000000       0x5e
 .debug_line_str
                0x00000000       0x5e ./Core/Startup/startup_stm32f446retx.o
