../Core/Src/sd_spi_driver.c:163:6:SD_WriteByte	16	static
../Core/Src/sd_spi_driver.c:173:9:SD_ReadByte	32	static
../Core/Src/sd_spi_driver.c:186:13:SD_Bus_Hold	16	static
../Core/Src/sd_spi_driver.c:196:13:SD_Bus_Release	16	static
../Core/Src/sd_spi_driver.c:209:17:SD_SendCmd	32	static
../Core/Src/sd_spi_driver.c:239:13:SD_GetResponse4b	24	static
../Core/Src/sd_spi_driver.c:252:17:SD_WaitReady	24	static
../Core/Src/sd_spi_driver.c:267:16:SD_WaitBytesRead	24	static
../Core/Src/sd_spi_driver.c:289:17:SD_WaitBytesWritten	24	static
../Core/Src/sd_spi_driver.c:309:17:SD_WaitBytesErased	24	static
../Core/Src/sd_spi_driver.c:332:17:SD_ReceiveData	40	static
../Core/Src/sd_spi_driver.c:368:17:SD_GetCSDRegister	40	static
../Core/Src/sd_spi_driver.c:451:17:SD_GetCIDRegister	40	static
../Core/Src/sd_spi_driver.c:497:17:SD_GetSCRRegister	32	static
../Core/Src/sd_spi_driver.c:546:17:SD_GoIdleState	32	static
../Core/Src/sd_spi_driver.c:644:17:SD_FixSectorSize	16	static
../Core/Src/sd_spi_driver.c:649:10:SD_Init	80	static
../Core/Src/sd_spi_driver.c:707:10:SD_SectorRead	32	static
../Core/Src/sd_spi_driver.c:732:10:SD_SectorWrite	32	static
